# serializer version: 1
# name: test_binary_sensor_snapshot[start_date0-end_date0]
  dict({
    'calendar.test_mower_1': dict({
      'events': list([
        dict({
          'end': '2024-03-02T08:00:00+00:00',
          'start': '2024-03-02T00:00:00+00:00',
          'summary': 'Front lawn Schedule 2',
        }),
        dict({
          'end': '2024-03-05T00:00:00+00:00',
          'start': '2024-03-04T19:00:00+00:00',
          'summary': 'Front lawn Schedule 1',
        }),
        dict({
          'end': '2024-03-05T08:00:00+00:00',
          'start': '2024-03-05T00:00:00+00:00',
          'summary': 'Front lawn Schedule 2',
        }),
        dict({
          'end': '2024-03-07T00:00:00+00:00',
          'start': '2024-03-06T19:00:00+00:00',
          'summary': 'Front lawn Schedule 1',
        }),
        dict({
          'end': '2024-03-07T08:00:00+00:00',
          'start': '2024-03-07T00:00:00+00:00',
          'summary': 'Front lawn Schedule 2',
        }),
        dict({
          'end': '2024-03-09T00:00:00+00:00',
          'start': '2024-03-08T19:00:00+00:00',
          'summary': 'Front lawn Schedule 1',
        }),
        dict({
          'end': '2024-03-09T08:00:00+00:00',
          'start': '2024-03-09T00:00:00+00:00',
          'summary': 'Front lawn Schedule 2',
        }),
        dict({
          'end': '2024-03-12T00:00:00+00:00',
          'start': '2024-03-11T19:00:00+00:00',
          'summary': 'Front lawn Schedule 1',
        }),
        dict({
          'end': '2024-03-12T08:00:00+00:00',
          'start': '2024-03-12T00:00:00+00:00',
          'summary': 'Front lawn Schedule 2',
        }),
        dict({
          'end': '2024-03-14T00:00:00+00:00',
          'start': '2024-03-13T19:00:00+00:00',
          'summary': 'Front lawn Schedule 1',
        }),
        dict({
          'end': '2024-03-14T08:00:00+00:00',
          'start': '2024-03-14T00:00:00+00:00',
          'summary': 'Front lawn Schedule 2',
        }),
        dict({
          'end': '2024-03-16T00:00:00+00:00',
          'start': '2024-03-15T19:00:00+00:00',
          'summary': 'Front lawn Schedule 1',
        }),
        dict({
          'end': '2024-03-16T08:00:00+00:00',
          'start': '2024-03-16T00:00:00+00:00',
          'summary': 'Front lawn Schedule 2',
        }),
      ]),
    }),
  })
# ---
