# serializer version: 1
# name: test_climate_entities[altherma][altherma]
  dict({
    'climate.altherma_leaving_water_offset': dict({
      'entry': EntityRegistryEntrySnapshot({
        'aliases': list([
          None,
        ]),
        'area_id': None,
        'capabilities': dict({
          <ClimateEntityCapabilityAttribute.HVAC_MODES: 'hvac_modes'>: list([
            <HVACMode.OFF: 'off'>,
            <HVACMode.HEAT: 'heat'>,
            <HVACMode.COOL: 'cool'>,
            <HVACMode.HEAT_COOL: 'heat_cool'>,
          ]),
          <ClimateEntityCapabilityAttribute.MAX_TEMP: 'max_temp'>: 35,
          <ClimateEntityCapabilityAttribute.MIN_TEMP: 'min_temp'>: 7,
          <ClimateEntityCapabilityAttribute.PRESET_MODES: 'preset_modes'>: list([
            'away',
            'none',
          ]),
        }),
        'config_entry_id': <ANY>,
        'config_subentry_id': <ANY>,
        'device_class': None,
        'device_id': <ANY>,
        'disabled_by': None,
        'domain': 'climate',
        'entity_category': None,
        'entity_id': 'climate.altherma_leaving_water_offset',
        'has_entity_name': True,
        'hidden_by': None,
        'icon': None,
        'id': <ANY>,
        'labels': set({
        }),
        'name': None,
        'object_id_base': 'Leaving Water Offset',
        'options': dict({
        }),
        'original_device_class': None,
        'original_icon': None,
        'original_name': 'Leaving Water Offset',
        'platform': 'daikin_onecta',
        'previous_unique_id': None,
        'suggested_object_id': None,
        'supported_features': <ClimateEntityFeature: 400>,
        'translation_key': 'leaving_water_offset',
        'unique_id': '1ece521b-5401-4a42-acce-6f76fba246aa_climateControlMainZone_leavingWaterOffset',
        'unit_of_measurement': None,
      }),
      'state': StateSnapshot({
        'attributes': ReadOnlyDict({
          <ClimateEntityStateAttribute.CURRENT_TEMPERATURE: 'current_temperature'>: 27,
          <EntityStateAttribute.FRIENDLY_NAME: 'friendly_name'>: 'Altherma Leaving Water Offset',
          <ClimateEntityCapabilityAttribute.HVAC_MODES: 'hvac_modes'>: list([
            <HVACMode.OFF: 'off'>,
            <HVACMode.HEAT: 'heat'>,
            <HVACMode.COOL: 'cool'>,
            <HVACMode.HEAT_COOL: 'heat_cool'>,
          ]),
          <ClimateEntityCapabilityAttribute.MAX_TEMP: 'max_temp'>: 35,
          <ClimateEntityCapabilityAttribute.MIN_TEMP: 'min_temp'>: 7,
          <ClimateEntityStateAttribute.PRESET_MODE: 'preset_mode'>: 'none',
          <ClimateEntityCapabilityAttribute.PRESET_MODES: 'preset_modes'>: list([
            'away',
            'none',
          ]),
          <EntityStateAttribute.SUPPORTED_FEATURES: 'supported_features'>: <ClimateEntityFeature: 400>,
          <ClimateEntityStateAttribute.TEMPERATURE_UNIT: 'temperature_unit'>: <UnitOfTemperature.CELSIUS: '°C'>,
        }),
        'context': <ANY>,
        'entity_id': 'climate.altherma_leaving_water_offset',
        'last_changed': <ANY>,
        'last_reported': <ANY>,
        'last_updated': <ANY>,
        'state': 'off',
      }),
    }),
    'climate.altherma_leaving_water_temperature': dict({
      'entry': EntityRegistryEntrySnapshot({
        'aliases': list([
          None,
        ]),
        'area_id': None,
        'capabilities': dict({
          <ClimateEntityCapabilityAttribute.HVAC_MODES: 'hvac_modes'>: list([
            <HVACMode.OFF: 'off'>,
            <HVACMode.HEAT: 'heat'>,
            <HVACMode.COOL: 'cool'>,
            <HVACMode.HEAT_COOL: 'heat_cool'>,
          ]),
          <ClimateEntityCapabilityAttribute.MAX_TEMP: 'max_temp'>: 20,
          <ClimateEntityCapabilityAttribute.MIN_TEMP: 'min_temp'>: 18,
          <ClimateEntityCapabilityAttribute.PRESET_MODES: 'preset_modes'>: list([
            'away',
            'none',
          ]),
          <ClimateEntityCapabilityAttribute.TARGET_TEMP_STEP: 'target_temp_step'>: 1,
        }),
        'config_entry_id': <ANY>,
        'config_subentry_id': <ANY>,
        'device_class': None,
        'device_id': <ANY>,
        'disabled_by': None,
        'domain': 'climate',
        'entity_category': None,
        'entity_id': 'climate.altherma_leaving_water_temperature',
        'has_entity_name': True,
        'hidden_by': None,
        'icon': None,
        'id': <ANY>,
        'labels': set({
        }),
        'name': None,
        'object_id_base': 'Leaving Water Temperature',
        'options': dict({
        }),
        'original_device_class': None,
        'original_icon': None,
        'original_name': 'Leaving Water Temperature',
        'platform': 'daikin_onecta',
        'previous_unique_id': None,
        'suggested_object_id': None,
        'supported_features': <ClimateEntityFeature: 401>,
        'translation_key': 'leaving_water_temperature',
        'unique_id': '1ece521b-5401-4a42-acce-6f76fba246aa_climateControlMainZone_leavingWaterTemperature',
        'unit_of_measurement': None,
      }),
      'state': StateSnapshot({
        'attributes': ReadOnlyDict({
          <ClimateEntityStateAttribute.CURRENT_TEMPERATURE: 'current_temperature'>: 27,
          <EntityStateAttribute.FRIENDLY_NAME: 'friendly_name'>: 'Altherma Leaving Water Temperature',
          <ClimateEntityCapabilityAttribute.HVAC_MODES: 'hvac_modes'>: list([
            <HVACMode.OFF: 'off'>,
            <HVACMode.HEAT: 'heat'>,
            <HVACMode.COOL: 'cool'>,
            <HVACMode.HEAT_COOL: 'heat_cool'>,
          ]),
          <ClimateEntityCapabilityAttribute.MAX_TEMP: 'max_temp'>: 20,
          <ClimateEntityCapabilityAttribute.MIN_TEMP: 'min_temp'>: 18,
          <ClimateEntityStateAttribute.PRESET_MODE: 'preset_mode'>: 'none',
          <ClimateEntityCapabilityAttribute.PRESET_MODES: 'preset_modes'>: list([
            'away',
            'none',
          ]),
          <EntityStateAttribute.SUPPORTED_FEATURES: 'supported_features'>: <ClimateEntityFeature: 401>,
          <ClimateEntityCapabilityAttribute.TARGET_TEMP_STEP: 'target_temp_step'>: 1,
          <ClimateEntityStateAttribute.TARGET_TEMPERATURE: 'temperature'>: 19,
          <ClimateEntityStateAttribute.TEMPERATURE_UNIT: 'temperature_unit'>: <UnitOfTemperature.CELSIUS: '°C'>,
        }),
        'context': <ANY>,
        'entity_id': 'climate.altherma_leaving_water_temperature',
        'last_changed': <ANY>,
        'last_reported': <ANY>,
        'last_updated': <ANY>,
        'state': 'off',
      }),
    }),
    'climate.altherma_room_temperature': dict({
      'entry': EntityRegistryEntrySnapshot({
        'aliases': list([
          None,
        ]),
        'area_id': None,
        'capabilities': dict({
          <ClimateEntityCapabilityAttribute.HVAC_MODES: 'hvac_modes'>: list([
            <HVACMode.OFF: 'off'>,
            <HVACMode.HEAT: 'heat'>,
            <HVACMode.COOL: 'cool'>,
            <HVACMode.HEAT_COOL: 'heat_cool'>,
          ]),
          <ClimateEntityCapabilityAttribute.MAX_TEMP: 'max_temp'>: 28,
          <ClimateEntityCapabilityAttribute.MIN_TEMP: 'min_temp'>: 23,
          <ClimateEntityCapabilityAttribute.PRESET_MODES: 'preset_modes'>: list([
            'away',
            'none',
          ]),
          <ClimateEntityCapabilityAttribute.TARGET_TEMP_STEP: 'target_temp_step'>: 0.5,
        }),
        'config_entry_id': <ANY>,
        'config_subentry_id': <ANY>,
        'device_class': None,
        'device_id': <ANY>,
        'disabled_by': None,
        'domain': 'climate',
        'entity_category': None,
        'entity_id': 'climate.altherma_room_temperature',
        'has_entity_name': True,
        'hidden_by': None,
        'icon': None,
        'id': <ANY>,
        'labels': set({
        }),
        'name': None,
        'object_id_base': 'Room Temperature',
        'options': dict({
        }),
        'original_device_class': None,
        'original_icon': None,
        'original_name': 'Room Temperature',
        'platform': 'daikin_onecta',
        'previous_unique_id': None,
        'suggested_object_id': None,
        'supported_features': <ClimateEntityFeature: 401>,
        'translation_key': 'room_temperature',
        'unique_id': '1ece521b-5401-4a42-acce-6f76fba246aa_climateControlMainZone_roomTemperature',
        'unit_of_measurement': None,
      }),
      'state': StateSnapshot({
        'attributes': ReadOnlyDict({
          <ClimateEntityStateAttribute.CURRENT_TEMPERATURE: 'current_temperature'>: 21,
          <EntityStateAttribute.FRIENDLY_NAME: 'friendly_name'>: 'Altherma Room Temperature',
          <ClimateEntityCapabilityAttribute.HVAC_MODES: 'hvac_modes'>: list([
            <HVACMode.OFF: 'off'>,
            <HVACMode.HEAT: 'heat'>,
            <HVACMode.COOL: 'cool'>,
            <HVACMode.HEAT_COOL: 'heat_cool'>,
          ]),
          <ClimateEntityCapabilityAttribute.MAX_TEMP: 'max_temp'>: 28,
          <ClimateEntityCapabilityAttribute.MIN_TEMP: 'min_temp'>: 23,
          <ClimateEntityStateAttribute.PRESET_MODE: 'preset_mode'>: 'none',
          <ClimateEntityCapabilityAttribute.PRESET_MODES: 'preset_modes'>: list([
            'away',
            'none',
          ]),
          <EntityStateAttribute.SUPPORTED_FEATURES: 'supported_features'>: <ClimateEntityFeature: 401>,
          <ClimateEntityCapabilityAttribute.TARGET_TEMP_STEP: 'target_temp_step'>: 0.5,
          <ClimateEntityStateAttribute.TARGET_TEMPERATURE: 'temperature'>: 24.5,
          <ClimateEntityStateAttribute.TEMPERATURE_UNIT: 'temperature_unit'>: <UnitOfTemperature.CELSIUS: '°C'>,
        }),
        'context': <ANY>,
        'entity_id': 'climate.altherma_room_temperature',
        'last_changed': <ANY>,
        'last_reported': <ANY>,
        'last_updated': <ANY>,
        'state': 'off',
      }),
    }),
    'climate.johnny_maaike_room_temperature': dict({
      'entry': EntityRegistryEntrySnapshot({
        'aliases': list([
          None,
        ]),
        'area_id': None,
        'capabilities': dict({
          <ClimateEntityCapabilityAttribute.FAN_MODES: 'fan_modes'>: list([
            'auto',
            'quiet',
            '1',
            '2',
            '3',
            '4',
            '5',
          ]),
          <ClimateEntityCapabilityAttribute.HVAC_MODES: 'hvac_modes'>: list([
            <HVACMode.OFF: 'off'>,
            <HVACMode.FAN_ONLY: 'fan_only'>,
            <HVACMode.HEAT: 'heat'>,
            <HVACMode.COOL: 'cool'>,
            <HVACMode.HEAT_COOL: 'heat_cool'>,
            <HVACMode.DRY: 'dry'>,
          ]),
          <ClimateEntityCapabilityAttribute.MAX_TEMP: 'max_temp'>: 33,
          <ClimateEntityCapabilityAttribute.MIN_TEMP: 'min_temp'>: 18,
          <ClimateEntityCapabilityAttribute.PRESET_MODES: 'preset_modes'>: list([
            'away',
            'boost',
            'eco',
            'none',
          ]),
          <ClimateEntityCapabilityAttribute.SWING_HORIZONTAL_MODES: 'swing_horizontal_modes'>: list([
            'stop',
            'swing',
          ]),
          <ClimateEntityCapabilityAttribute.SWING_MODES: 'swing_modes'>: list([
            'stop',
            'swing',
            'windnice',
          ]),
          <ClimateEntityCapabilityAttribute.TARGET_TEMP_STEP: 'target_temp_step'>: 0.5,
        }),
        'config_entry_id': <ANY>,
        'config_subentry_id': <ANY>,
        'device_class': None,
        'device_id': <ANY>,
        'disabled_by': None,
        'domain': 'climate',
        'entity_category': None,
        'entity_id': 'climate.johnny_maaike_room_temperature',
        'has_entity_name': True,
        'hidden_by': None,
        'icon': None,
        'id': <ANY>,
        'labels': set({
        }),
        'name': None,
        'object_id_base': 'Room Temperature',
        'options': dict({
        }),
        'original_device_class': None,
        'original_icon': None,
        'original_name': 'Room Temperature',
        'platform': 'daikin_onecta',
        'previous_unique_id': None,
        'suggested_object_id': None,
        'supported_features': <ClimateEntityFeature: 953>,
        'translation_key': 'room_temperature',
        'unique_id': '32db6075-b739-4026-b661-127009254b42_climateControl_roomTemperature',
        'unit_of_measurement': None,
      }),
      'state': StateSnapshot({
        'attributes': ReadOnlyDict({
          <ClimateEntityStateAttribute.CURRENT_TEMPERATURE: 'current_temperature'>: 19,
          <ClimateEntityStateAttribute.FAN_MODE: 'fan_mode'>: 'auto',
          <ClimateEntityCapabilityAttribute.FAN_MODES: 'fan_modes'>: list([
            'auto',
            'quiet',
            '1',
            '2',
            '3',
            '4',
            '5',
          ]),
          <EntityStateAttribute.FRIENDLY_NAME: 'friendly_name'>: 'Johnny&Maaike Room Temperature',
          <ClimateEntityCapabilityAttribute.HVAC_MODES: 'hvac_modes'>: list([
            <HVACMode.OFF: 'off'>,
            <HVACMode.FAN_ONLY: 'fan_only'>,
            <HVACMode.HEAT: 'heat'>,
            <HVACMode.COOL: 'cool'>,
            <HVACMode.HEAT_COOL: 'heat_cool'>,
            <HVACMode.DRY: 'dry'>,
          ]),
          <ClimateEntityCapabilityAttribute.MAX_TEMP: 'max_temp'>: 33,
          <ClimateEntityCapabilityAttribute.MIN_TEMP: 'min_temp'>: 18,
          <ClimateEntityStateAttribute.PRESET_MODE: 'preset_mode'>: 'eco',
          <ClimateEntityCapabilityAttribute.PRESET_MODES: 'preset_modes'>: list([
            'away',
            'boost',
            'eco',
            'none',
          ]),
          <EntityStateAttribute.SUPPORTED_FEATURES: 'supported_features'>: <ClimateEntityFeature: 953>,
          <ClimateEntityStateAttribute.SWING_HORIZONTAL_MODE: 'swing_horizontal_mode'>: 'stop',
          <ClimateEntityCapabilityAttribute.SWING_HORIZONTAL_MODES: 'swing_horizontal_modes'>: list([
            'stop',
            'swing',
          ]),
          <ClimateEntityStateAttribute.SWING_MODE: 'swing_mode'>: 'stop',
          <ClimateEntityCapabilityAttribute.SWING_MODES: 'swing_modes'>: list([
            'stop',
            'swing',
            'windnice',
          ]),
          <ClimateEntityCapabilityAttribute.TARGET_TEMP_STEP: 'target_temp_step'>: 0.5,
          <ClimateEntityStateAttribute.TARGET_TEMPERATURE: 'temperature'>: 25,
          <ClimateEntityStateAttribute.TEMPERATURE_UNIT: 'temperature_unit'>: <UnitOfTemperature.CELSIUS: '°C'>,
        }),
        'context': <ANY>,
        'entity_id': 'climate.johnny_maaike_room_temperature',
        'last_changed': <ANY>,
        'last_reported': <ANY>,
        'last_updated': <ANY>,
        'state': 'off',
      }),
    }),
    'climate.linde_room_temperature': dict({
      'entry': EntityRegistryEntrySnapshot({
        'aliases': list([
          None,
        ]),
        'area_id': None,
        'capabilities': dict({
          <ClimateEntityCapabilityAttribute.FAN_MODES: 'fan_modes'>: list([
            'auto',
            'quiet',
            '1',
            '2',
            '3',
            '4',
            '5',
          ]),
          <ClimateEntityCapabilityAttribute.HVAC_MODES: 'hvac_modes'>: list([
            <HVACMode.OFF: 'off'>,
            <HVACMode.FAN_ONLY: 'fan_only'>,
            <HVACMode.HEAT: 'heat'>,
            <HVACMode.COOL: 'cool'>,
            <HVACMode.HEAT_COOL: 'heat_cool'>,
            <HVACMode.DRY: 'dry'>,
          ]),
          <ClimateEntityCapabilityAttribute.MAX_TEMP: 'max_temp'>: 33,
          <ClimateEntityCapabilityAttribute.MIN_TEMP: 'min_temp'>: 18,
          <ClimateEntityCapabilityAttribute.PRESET_MODES: 'preset_modes'>: list([
            'away',
            'boost',
            'eco',
            'none',
          ]),
          <ClimateEntityCapabilityAttribute.SWING_HORIZONTAL_MODES: 'swing_horizontal_modes'>: list([
            'stop',
            'swing',
          ]),
          <ClimateEntityCapabilityAttribute.SWING_MODES: 'swing_modes'>: list([
            'stop',
            'swing',
            'windnice',
          ]),
          <ClimateEntityCapabilityAttribute.TARGET_TEMP_STEP: 'target_temp_step'>: 0.5,
        }),
        'config_entry_id': <ANY>,
        'config_subentry_id': <ANY>,
        'device_class': None,
        'device_id': <ANY>,
        'disabled_by': None,
        'domain': 'climate',
        'entity_category': None,
        'entity_id': 'climate.linde_room_temperature',
        'has_entity_name': True,
        'hidden_by': None,
        'icon': None,
        'id': <ANY>,
        'labels': set({
        }),
        'name': None,
        'object_id_base': 'Room Temperature',
        'options': dict({
        }),
        'original_device_class': None,
        'original_icon': None,
        'original_name': 'Room Temperature',
        'platform': 'daikin_onecta',
        'previous_unique_id': None,
        'suggested_object_id': None,
        'supported_features': <ClimateEntityFeature: 953>,
        'translation_key': 'room_temperature',
        'unique_id': 'c04342c4-2fbc-4a32-b54d-6067fa1311f6_climateControl_roomTemperature',
        'unit_of_measurement': None,
      }),
      'state': StateSnapshot({
        'attributes': ReadOnlyDict({
          <ClimateEntityStateAttribute.CURRENT_TEMPERATURE: 'current_temperature'>: 18,
          <ClimateEntityStateAttribute.FAN_MODE: 'fan_mode'>: 'auto',
          <ClimateEntityCapabilityAttribute.FAN_MODES: 'fan_modes'>: list([
            'auto',
            'quiet',
            '1',
            '2',
            '3',
            '4',
            '5',
          ]),
          <EntityStateAttribute.FRIENDLY_NAME: 'friendly_name'>: 'Linde Room Temperature',
          <ClimateEntityCapabilityAttribute.HVAC_MODES: 'hvac_modes'>: list([
            <HVACMode.OFF: 'off'>,
            <HVACMode.FAN_ONLY: 'fan_only'>,
            <HVACMode.HEAT: 'heat'>,
            <HVACMode.COOL: 'cool'>,
            <HVACMode.HEAT_COOL: 'heat_cool'>,
            <HVACMode.DRY: 'dry'>,
          ]),
          <ClimateEntityCapabilityAttribute.MAX_TEMP: 'max_temp'>: 33,
          <ClimateEntityCapabilityAttribute.MIN_TEMP: 'min_temp'>: 18,
          <ClimateEntityStateAttribute.PRESET_MODE: 'preset_mode'>: 'none',
          <ClimateEntityCapabilityAttribute.PRESET_MODES: 'preset_modes'>: list([
            'away',
            'boost',
            'eco',
            'none',
          ]),
          <EntityStateAttribute.SUPPORTED_FEATURES: 'supported_features'>: <ClimateEntityFeature: 953>,
          <ClimateEntityStateAttribute.SWING_HORIZONTAL_MODE: 'swing_horizontal_mode'>: 'stop',
          <ClimateEntityCapabilityAttribute.SWING_HORIZONTAL_MODES: 'swing_horizontal_modes'>: list([
            'stop',
            'swing',
          ]),
          <ClimateEntityStateAttribute.SWING_MODE: 'swing_mode'>: 'stop',
          <ClimateEntityCapabilityAttribute.SWING_MODES: 'swing_modes'>: list([
            'stop',
            'swing',
            'windnice',
          ]),
          <ClimateEntityCapabilityAttribute.TARGET_TEMP_STEP: 'target_temp_step'>: 0.5,
          <ClimateEntityStateAttribute.TARGET_TEMPERATURE: 'temperature'>: 23,
          <ClimateEntityStateAttribute.TEMPERATURE_UNIT: 'temperature_unit'>: <UnitOfTemperature.CELSIUS: '°C'>,
        }),
        'context': <ANY>,
        'entity_id': 'climate.linde_room_temperature',
        'last_changed': <ANY>,
        'last_reported': <ANY>,
        'last_updated': <ANY>,
        'state': 'off',
      }),
    }),
    'climate.sanne_room_temperature': dict({
      'entry': EntityRegistryEntrySnapshot({
        'aliases': list([
          None,
        ]),
        'area_id': None,
        'capabilities': dict({
          <ClimateEntityCapabilityAttribute.FAN_MODES: 'fan_modes'>: list([
            'auto',
            'quiet',
            '1',
            '2',
            '3',
            '4',
            '5',
          ]),
          <ClimateEntityCapabilityAttribute.HVAC_MODES: 'hvac_modes'>: list([
            <HVACMode.OFF: 'off'>,
            <HVACMode.FAN_ONLY: 'fan_only'>,
            <HVACMode.HEAT: 'heat'>,
            <HVACMode.COOL: 'cool'>,
            <HVACMode.HEAT_COOL: 'heat_cool'>,
            <HVACMode.DRY: 'dry'>,
          ]),
          <ClimateEntityCapabilityAttribute.MAX_TEMP: 'max_temp'>: 33,
          <ClimateEntityCapabilityAttribute.MIN_TEMP: 'min_temp'>: 18,
          <ClimateEntityCapabilityAttribute.PRESET_MODES: 'preset_modes'>: list([
            'away',
            'boost',
            'eco',
            'none',
          ]),
          <ClimateEntityCapabilityAttribute.SWING_HORIZONTAL_MODES: 'swing_horizontal_modes'>: list([
            'stop',
            'swing',
          ]),
          <ClimateEntityCapabilityAttribute.SWING_MODES: 'swing_modes'>: list([
            'stop',
            'swing',
            'windnice',
          ]),
          <ClimateEntityCapabilityAttribute.TARGET_TEMP_STEP: 'target_temp_step'>: 0.5,
        }),
        'config_entry_id': <ANY>,
        'config_subentry_id': <ANY>,
        'device_class': None,
        'device_id': <ANY>,
        'disabled_by': None,
        'domain': 'climate',
        'entity_category': None,
        'entity_id': 'climate.sanne_room_temperature',
        'has_entity_name': True,
        'hidden_by': None,
        'icon': None,
        'id': <ANY>,
        'labels': set({
        }),
        'name': None,
        'object_id_base': 'Room Temperature',
        'options': dict({
        }),
        'original_device_class': None,
        'original_icon': None,
        'original_name': 'Room Temperature',
        'platform': 'daikin_onecta',
        'previous_unique_id': None,
        'suggested_object_id': None,
        'supported_features': <ClimateEntityFeature: 953>,
        'translation_key': 'room_temperature',
        'unique_id': 'f7ff41ad-4169-45e5-8df4-15e033a05668_climateControl_roomTemperature',
        'unit_of_measurement': None,
      }),
      'state': StateSnapshot({
        'attributes': ReadOnlyDict({
          <ClimateEntityStateAttribute.CURRENT_TEMPERATURE: 'current_temperature'>: 19,
          <ClimateEntityStateAttribute.FAN_MODE: 'fan_mode'>: 'auto',
          <ClimateEntityCapabilityAttribute.FAN_MODES: 'fan_modes'>: list([
            'auto',
            'quiet',
            '1',
            '2',
            '3',
            '4',
            '5',
          ]),
          <EntityStateAttribute.FRIENDLY_NAME: 'friendly_name'>: 'Sanne Room Temperature',
          <ClimateEntityCapabilityAttribute.HVAC_MODES: 'hvac_modes'>: list([
            <HVACMode.OFF: 'off'>,
            <HVACMode.FAN_ONLY: 'fan_only'>,
            <HVACMode.HEAT: 'heat'>,
            <HVACMode.COOL: 'cool'>,
            <HVACMode.HEAT_COOL: 'heat_cool'>,
            <HVACMode.DRY: 'dry'>,
          ]),
          <ClimateEntityCapabilityAttribute.MAX_TEMP: 'max_temp'>: 33,
          <ClimateEntityCapabilityAttribute.MIN_TEMP: 'min_temp'>: 18,
          <ClimateEntityStateAttribute.PRESET_MODE: 'preset_mode'>: 'none',
          <ClimateEntityCapabilityAttribute.PRESET_MODES: 'preset_modes'>: list([
            'away',
            'boost',
            'eco',
            'none',
          ]),
          <EntityStateAttribute.SUPPORTED_FEATURES: 'supported_features'>: <ClimateEntityFeature: 953>,
          <ClimateEntityStateAttribute.SWING_HORIZONTAL_MODE: 'swing_horizontal_mode'>: 'stop',
          <ClimateEntityCapabilityAttribute.SWING_HORIZONTAL_MODES: 'swing_horizontal_modes'>: list([
            'stop',
            'swing',
          ]),
          <ClimateEntityStateAttribute.SWING_MODE: 'swing_mode'>: 'stop',
          <ClimateEntityCapabilityAttribute.SWING_MODES: 'swing_modes'>: list([
            'stop',
            'swing',
            'windnice',
          ]),
          <ClimateEntityCapabilityAttribute.TARGET_TEMP_STEP: 'target_temp_step'>: 0.5,
          <ClimateEntityStateAttribute.TARGET_TEMPERATURE: 'temperature'>: 23,
          <ClimateEntityStateAttribute.TEMPERATURE_UNIT: 'temperature_unit'>: <UnitOfTemperature.CELSIUS: '°C'>,
        }),
        'context': <ANY>,
        'entity_id': 'climate.sanne_room_temperature',
        'last_changed': <ANY>,
        'last_reported': <ANY>,
        'last_updated': <ANY>,
        'state': 'off',
      }),
    }),
    'climate.werkkamer_room_temperature': dict({
      'entry': EntityRegistryEntrySnapshot({
        'aliases': list([
          None,
        ]),
        'area_id': None,
        'capabilities': dict({
          <ClimateEntityCapabilityAttribute.FAN_MODES: 'fan_modes'>: list([
            'auto',
            'quiet',
            '1',
            '2',
            '3',
            '4',
            '5',
          ]),
          <ClimateEntityCapabilityAttribute.HVAC_MODES: 'hvac_modes'>: list([
            <HVACMode.OFF: 'off'>,
            <HVACMode.FAN_ONLY: 'fan_only'>,
            <HVACMode.HEAT: 'heat'>,
            <HVACMode.COOL: 'cool'>,
            <HVACMode.HEAT_COOL: 'heat_cool'>,
            <HVACMode.DRY: 'dry'>,
          ]),
          <ClimateEntityCapabilityAttribute.MAX_TEMP: 'max_temp'>: 33,
          <ClimateEntityCapabilityAttribute.MIN_TEMP: 'min_temp'>: 18,
          <ClimateEntityCapabilityAttribute.PRESET_MODES: 'preset_modes'>: list([
            'away',
            'boost',
            'eco',
            'none',
          ]),
          <ClimateEntityCapabilityAttribute.SWING_HORIZONTAL_MODES: 'swing_horizontal_modes'>: list([
            'stop',
            'swing',
          ]),
          <ClimateEntityCapabilityAttribute.SWING_MODES: 'swing_modes'>: list([
            'stop',
            'swing',
            'windnice',
          ]),
          <ClimateEntityCapabilityAttribute.TARGET_TEMP_STEP: 'target_temp_step'>: 0.5,
        }),
        'config_entry_id': <ANY>,
        'config_subentry_id': <ANY>,
        'device_class': None,
        'device_id': <ANY>,
        'disabled_by': None,
        'domain': 'climate',
        'entity_category': None,
        'entity_id': 'climate.werkkamer_room_temperature',
        'has_entity_name': True,
        'hidden_by': None,
        'icon': None,
        'id': <ANY>,
        'labels': set({
        }),
        'name': None,
        'object_id_base': 'Room Temperature',
        'options': dict({
        }),
        'original_device_class': None,
        'original_icon': None,
        'original_name': 'Room Temperature',
        'platform': 'daikin_onecta',
        'previous_unique_id': None,
        'suggested_object_id': None,
        'supported_features': <ClimateEntityFeature: 953>,
        'translation_key': 'room_temperature',
        'unique_id': '6f944461-08cb-4fee-979c-710ff66cea77_climateControl_roomTemperature',
        'unit_of_measurement': None,
      }),
      'state': StateSnapshot({
        'attributes': ReadOnlyDict({
          <ClimateEntityStateAttribute.CURRENT_TEMPERATURE: 'current_temperature'>: 19,
          <ClimateEntityStateAttribute.FAN_MODE: 'fan_mode'>: 'auto',
          <ClimateEntityCapabilityAttribute.FAN_MODES: 'fan_modes'>: list([
            'auto',
            'quiet',
            '1',
            '2',
            '3',
            '4',
            '5',
          ]),
          <EntityStateAttribute.FRIENDLY_NAME: 'friendly_name'>: 'Werkkamer Room Temperature',
          <ClimateEntityCapabilityAttribute.HVAC_MODES: 'hvac_modes'>: list([
            <HVACMode.OFF: 'off'>,
            <HVACMode.FAN_ONLY: 'fan_only'>,
            <HVACMode.HEAT: 'heat'>,
            <HVACMode.COOL: 'cool'>,
            <HVACMode.HEAT_COOL: 'heat_cool'>,
            <HVACMode.DRY: 'dry'>,
          ]),
          <ClimateEntityCapabilityAttribute.MAX_TEMP: 'max_temp'>: 33,
          <ClimateEntityCapabilityAttribute.MIN_TEMP: 'min_temp'>: 18,
          <ClimateEntityStateAttribute.PRESET_MODE: 'preset_mode'>: 'none',
          <ClimateEntityCapabilityAttribute.PRESET_MODES: 'preset_modes'>: list([
            'away',
            'boost',
            'eco',
            'none',
          ]),
          <EntityStateAttribute.SUPPORTED_FEATURES: 'supported_features'>: <ClimateEntityFeature: 953>,
          <ClimateEntityStateAttribute.SWING_HORIZONTAL_MODE: 'swing_horizontal_mode'>: 'stop',
          <ClimateEntityCapabilityAttribute.SWING_HORIZONTAL_MODES: 'swing_horizontal_modes'>: list([
            'stop',
            'swing',
          ]),
          <ClimateEntityStateAttribute.SWING_MODE: 'swing_mode'>: 'stop',
          <ClimateEntityCapabilityAttribute.SWING_MODES: 'swing_modes'>: list([
            'stop',
            'swing',
            'windnice',
          ]),
          <ClimateEntityCapabilityAttribute.TARGET_TEMP_STEP: 'target_temp_step'>: 0.5,
          <ClimateEntityStateAttribute.TARGET_TEMPERATURE: 'temperature'>: 25,
          <ClimateEntityStateAttribute.TEMPERATURE_UNIT: 'temperature_unit'>: <UnitOfTemperature.CELSIUS: '°C'>,
        }),
        'context': <ANY>,
        'entity_id': 'climate.werkkamer_room_temperature',
        'last_changed': <ANY>,
        'last_reported': <ANY>,
        'last_updated': <ANY>,
        'state': 'off',
      }),
    }),
  })
# ---
