# serializer version: 1
# name: test_entities_for_downloaded_repositories[entities]
  list([
    EntityRegistryEntrySnapshot({
      'aliases': list([
        None,
      ]),
      'area_id': None,
      'capabilities': None,
      'config_entry_id': <ANY>,
      'config_subentry_id': <ANY>,
      'device_class': None,
      'device_id': <ANY>,
      'disabled_by': <RegistryEntryDisabler.INTEGRATION: 'integration'>,
      'domain': 'switch',
      'entity_category': <EntityCategory.DIAGNOSTIC: 'diagnostic'>,
      'entity_id': 'switch.basic_integration_pre_release',
      'has_entity_name': True,
      'hidden_by': None,
      'icon': None,
      'id': <ANY>,
      'labels': set({
      }),
      'name': None,
      'object_id_base': 'Pre-release',
      'options': dict({
      }),
      'original_device_class': None,
      'original_icon': None,
      'original_name': 'Pre-release',
      'platform': 'marketplace',
      'previous_unique_id': None,
      'suggested_object_id': None,
      'supported_features': 0,
      'translation_key': 'pre-release',
      'unique_id': '1296269',
      'unit_of_measurement': None,
    }),
    EntityRegistryEntrySnapshot({
      'aliases': list([
        None,
      ]),
      'area_id': None,
      'capabilities': None,
      'config_entry_id': <ANY>,
      'config_subentry_id': <ANY>,
      'device_class': None,
      'device_id': <ANY>,
      'disabled_by': None,
      'domain': 'switch',
      'entity_category': <EntityCategory.DIAGNOSTIC: 'diagnostic'>,
      'entity_id': 'switch.basic_plugin_pre_release',
      'has_entity_name': True,
      'hidden_by': None,
      'icon': None,
      'id': <ANY>,
      'labels': set({
      }),
      'name': None,
      'object_id_base': 'Pre-release',
      'options': dict({
      }),
      'original_device_class': None,
      'original_icon': None,
      'original_name': 'Pre-release',
      'platform': 'marketplace',
      'previous_unique_id': None,
      'suggested_object_id': None,
      'supported_features': 0,
      'translation_key': 'pre-release',
      'unique_id': '1296267',
      'unit_of_measurement': None,
    }),
    EntityRegistryEntrySnapshot({
      'aliases': list([
        None,
      ]),
      'area_id': None,
      'capabilities': None,
      'config_entry_id': <ANY>,
      'config_subentry_id': <ANY>,
      'device_class': None,
      'device_id': <ANY>,
      'disabled_by': None,
      'domain': 'update',
      'entity_category': <EntityCategory.CONFIG: 'config'>,
      'entity_id': 'update.basic_integration',
      'has_entity_name': True,
      'hidden_by': None,
      'icon': None,
      'id': <ANY>,
      'labels': set({
      }),
      'name': None,
      'object_id_base': None,
      'options': dict({
      }),
      'original_device_class': None,
      'original_icon': None,
      'original_name': None,
      'platform': 'marketplace',
      'previous_unique_id': None,
      'suggested_object_id': None,
      'supported_features': <UpdateEntityFeature: 23>,
      'translation_key': None,
      'unique_id': '1296269',
      'unit_of_measurement': None,
    }),
    EntityRegistryEntrySnapshot({
      'aliases': list([
        None,
      ]),
      'area_id': None,
      'capabilities': None,
      'config_entry_id': <ANY>,
      'config_subentry_id': <ANY>,
      'device_class': None,
      'device_id': <ANY>,
      'disabled_by': None,
      'domain': 'update',
      'entity_category': <EntityCategory.CONFIG: 'config'>,
      'entity_id': 'update.basic_plugin',
      'has_entity_name': True,
      'hidden_by': None,
      'icon': None,
      'id': <ANY>,
      'labels': set({
      }),
      'name': None,
      'object_id_base': None,
      'options': dict({
      }),
      'original_device_class': None,
      'original_icon': None,
      'original_name': None,
      'platform': 'marketplace',
      'previous_unique_id': None,
      'suggested_object_id': None,
      'supported_features': <UpdateEntityFeature: 23>,
      'translation_key': None,
      'unique_id': '1296267',
      'unit_of_measurement': None,
    }),
  ])
# ---
# name: test_entities_for_downloaded_repositories[update_state]
  StateSnapshot({
    'attributes': ReadOnlyDict({
      <UpdateEntityStateAttribute.AUTO_UPDATE: 'auto_update'>: False,
      <UpdateEntityStateAttribute.DISPLAY_PRECISION: 'display_precision'>: 0,
      <EntityStateAttribute.ENTITY_PICTURE: 'entity_picture'>: '/api/brands/integration/example/icon.png',
      <EntityStateAttribute.FRIENDLY_NAME: 'friendly_name'>: 'Basic integration',
      <UpdateEntityStateAttribute.IN_PROGRESS: 'in_progress'>: False,
      <UpdateEntityStateAttribute.INSTALLED_VERSION: 'installed_version'>: '1.0.0',
      <UpdateEntityStateAttribute.LATEST_VERSION: 'latest_version'>: '2.0.0',
      <UpdateEntityStateAttribute.RELEASE_SUMMARY: 'release_summary'>: None,
      <UpdateEntityStateAttribute.RELEASE_URL: 'release_url'>: 'https://github.com/hacs-test-org/integration-basic',
      <UpdateEntityStateAttribute.SKIPPED_VERSION: 'skipped_version'>: None,
      <EntityStateAttribute.SUPPORTED_FEATURES: 'supported_features'>: <UpdateEntityFeature: 23>,
      <UpdateEntityStateAttribute.TITLE: 'title'>: None,
      <UpdateEntityStateAttribute.UPDATE_PERCENTAGE: 'update_percentage'>: None,
    }),
    'context': <ANY>,
    'entity_id': 'update.basic_integration',
    'last_changed': <ANY>,
    'last_reported': <ANY>,
    'last_updated': <ANY>,
    'state': 'on',
  })
# ---
# name: test_setup_request_volume[api_usage]
  dict({
    'https://data-v2.hacs.xyz/critical/data.json': 1,
    'https://data-v2.hacs.xyz/integration/data.json': 1,
    'https://data-v2.hacs.xyz/plugin/data.json': 1,
    'https://data-v2.hacs.xyz/removed/data.json': 1,
    'https://data-v2.hacs.xyz/template/data.json': 1,
    'https://data-v2.hacs.xyz/theme/data.json': 1,
  })
# ---
