# serializer version: 1
# name: test_all_entities[c2c_shade][cover.curtain_1a-entry]
  EntityRegistryEntrySnapshot({
    'aliases': set({
    }),
    'area_id': None,
    'capabilities': None,
    'config_entry_id': <ANY>,
    'config_subentry_id': <ANY>,
    'device_class': None,
    'device_id': <ANY>,
    'disabled_by': None,
    'domain': 'cover',
    'entity_category': None,
    'entity_id': 'cover.curtain_1a',
    'has_entity_name': True,
    'hidden_by': None,
    'icon': None,
    'id': <ANY>,
    'labels': set({
    }),
    'name': None,
    'options': dict({
    }),
    'original_device_class': <CoverDeviceClass.SHADE: 'shade'>,
    'original_icon': None,
    'original_name': None,
    'platform': 'smartthings',
    'previous_unique_id': None,
    'supported_features': <CoverEntityFeature: 7>,
    'translation_key': None,
    'unique_id': '571af102-15db-4030-b76b-245a691f74a5',
    'unit_of_measurement': None,
  })
# ---
# name: test_all_entities[c2c_shade][cover.curtain_1a-state]
  StateSnapshot({
    'attributes': ReadOnlyDict({
      'current_position': 100,
      'device_class': 'shade',
      'friendly_name': 'Curtain 1A',
      'supported_features': <CoverEntityFeature: 7>,
    }),
    'context': <ANY>,
    'entity_id': 'cover.curtain_1a',
    'last_changed': <ANY>,
    'last_reported': <ANY>,
    'last_updated': <ANY>,
    'state': 'open',
  })
# ---
