# serializer version: 1
# name: test_diagnostics
  dict({
    'calendars': list([
      dict({
        'calendar': dict({
          'color': '#3A87AD',
          'description': '**REDACTED**',
          'id': '**REDACTED**',
          'isActive': True,
          'kind': 'standard',
          'name': '**REDACTED**',
          'readOnly': False,
          'spaceId': '**REDACTED**',
          'timeZone': 'UTC',
          'uid': '**REDACTED**',
          'visibility': 'space',
        }),
        'upcoming': list([
          dict({
            'allDay': False,
            'calendarId': '**REDACTED**',
            'description': '**REDACTED**',
            'endDateTime': '2026-08-12T17:30:00+00:00',
            'id': '**REDACTED**',
            'isCancelled': False,
            'location': '**REDACTED**',
            'recurrenceId': '**REDACTED**',
            'sequence': 0,
            'startDateTime': '2026-08-12T16:00:00+00:00',
            'timeZone': 'UTC',
            'title': '**REDACTED**',
            'uid': '**REDACTED**',
          }),
          dict({
            'allDay': False,
            'calendarId': '**REDACTED**',
            'endDateTime': '2026-08-12T15:00:00+00:00',
            'id': '**REDACTED**',
            'isCancelled': True,
            'sequence': 1,
            'startDateTime': '2026-08-12T14:00:00+00:00',
            'timeZone': 'UTC',
            'title': '**REDACTED**',
            'uid': '**REDACTED**',
          }),
          dict({
            'allDay': True,
            'calendarId': '**REDACTED**',
            'endDateTime': '2026-08-16T00:00:00+00:00',
            'id': '**REDACTED**',
            'isCancelled': False,
            'sequence': 0,
            'startDateTime': '2026-08-14T00:00:00+00:00',
            'timeZone': 'UTC',
            'title': '**REDACTED**',
            'uid': '**REDACTED**',
          }),
        ]),
      }),
    ]),
    'chore_lists': list([
      dict({
        'items': list([
          dict({
            'description': '**REDACTED**',
            'id': '**REDACTED**',
            'nextOccurrence': '2026-08-12T18:00:00+00:00',
            'recurringRule': 'FREQ=WEEKLY;BYDAY=TU',
            'sortOrder': 1,
            'taskListId': '**REDACTED**',
            'title': '**REDACTED**',
          }),
          dict({
            'dueDate': '2026-08-13T16:00:00+00:00',
            'id': '**REDACTED**',
            'sortOrder': 2,
            'taskListId': '**REDACTED**',
            'title': '**REDACTED**',
          }),
        ]),
        'task_list': dict({
          'icon': 'broom',
          'id': '**REDACTED**',
          'name': '**REDACTED**',
          'spaceId': '**REDACTED**',
          'taskType': 'chores',
          'updatedAt': '2026-08-11T18:30:00+00:00',
        }),
      }),
      dict({
        'items': list([
          dict({
            'id': '**REDACTED**',
            'sortOrder': 1,
            'taskListId': '**REDACTED**',
            'title': '**REDACTED**',
          }),
        ]),
        'task_list': dict({
          'icon': 'flower',
          'id': '**REDACTED**',
          'name': '**REDACTED**',
          'spaceId': '**REDACTED**',
          'taskType': 'chores',
          'updatedAt': '2026-08-10T12:00:00+00:00',
        }),
      }),
      dict({
        'items': list([
          dict({
            'id': '**REDACTED**',
            'sortOrder': 1,
            'taskListId': '**REDACTED**',
            'title': '**REDACTED**',
          }),
        ]),
        'task_list': dict({
          'icon': 'check',
          'id': '**REDACTED**',
          'name': '**REDACTED**',
          'spaceId': '**REDACTED**',
          'taskType': 'todos',
          'updatedAt': '2026-08-11T08:00:00+00:00',
        }),
      }),
    ]),
  })
# ---
