# serializer version: 1
# name: test_altherma_firmwareupdate[altherma_firmwareupdate]
  dict({
    'binary_sensor.climate_control_getr422_climatecontrol_is_holiday_mode_active': dict({
      'entry': dict({
        'area_id': None,
        'categories': dict({
        }),
        'config_subentry_id': None,
        'disabled_by': None,
        'entity_category': <EntityCategory.DIAGNOSTIC: 'diagnostic'>,
        'entity_id': 'binary_sensor.climate_control_getr422_climatecontrol_is_holiday_mode_active',
        'has_entity_name': True,
        'hidden_by': None,
        'icon': None,
        'labels': list([
        ]),
        'name': None,
        'next_name_part': <NextNamePart.DEVICE: 'device'>,
        'options': ReadOnlyDict({
        }),
        'original_name': 'Is holiday mode active',
        'platform': 'daikin_onecta',
        'translation_key': 'isholidaymodeactive',
        'unique_id': '29e9a6af-0a8e-49ac-bc19-361c1347ba95_climateControlMainZone_None_isHolidayModeActive',
      }),
      'state': dict({
        'attributes': ReadOnlyDict({
          <EntityStateAttribute.ICON: 'icon'>: 'mdi:information-outline',
        }),
        'entity_id': 'binary_sensor.climate_control_getr422_climatecontrol_is_holiday_mode_active',
        'state': 'off',
      }),
    }),
    'binary_sensor.climate_control_getr422_climatecontrol_is_in_emergency_state': dict({
      'entry': dict({
        'area_id': None,
        'categories': dict({
        }),
        'config_subentry_id': None,
        'disabled_by': None,
        'entity_category': <EntityCategory.DIAGNOSTIC: 'diagnostic'>,
        'entity_id': 'binary_sensor.climate_control_getr422_climatecontrol_is_in_emergency_state',
        'has_entity_name': True,
        'hidden_by': None,
        'icon': None,
        'labels': list([
        ]),
        'name': None,
        'next_name_part': <NextNamePart.DEVICE: 'device'>,
        'options': ReadOnlyDict({
        }),
        'original_name': 'Is in emergency state',
        'platform': 'daikin_onecta',
        'translation_key': 'isinemergencystate',
        'unique_id': '29e9a6af-0a8e-49ac-bc19-361c1347ba95_climateControlMainZone_None_isInEmergencyState',
      }),
      'state': dict({
        'attributes': ReadOnlyDict({
          <EntityStateAttribute.DEVICE_CLASS: 'device_class'>: 'problem',
          <EntityStateAttribute.ICON: 'icon'>: 'mdi:information-outline',
        }),
        'entity_id': 'binary_sensor.climate_control_getr422_climatecontrol_is_in_emergency_state',
        'state': 'off',
      }),
    }),
    'binary_sensor.climate_control_getr422_climatecontrol_is_in_error_state': dict({
      'entry': dict({
        'area_id': None,
        'categories': dict({
        }),
        'config_subentry_id': None,
        'disabled_by': None,
        'entity_category': <EntityCategory.DIAGNOSTIC: 'diagnostic'>,
        'entity_id': 'binary_sensor.climate_control_getr422_climatecontrol_is_in_error_state',
        'has_entity_name': True,
        'hidden_by': None,
        'icon': None,
        'labels': list([
        ]),
        'name': None,
        'next_name_part': <NextNamePart.DEVICE: 'device'>,
        'options': ReadOnlyDict({
        }),
        'original_name': 'Is in error state',
        'platform': 'daikin_onecta',
        'translation_key': 'isinerrorstate',
        'unique_id': '29e9a6af-0a8e-49ac-bc19-361c1347ba95_climateControlMainZone_None_isInErrorState',
      }),
      'state': dict({
        'attributes': ReadOnlyDict({
          <EntityStateAttribute.DEVICE_CLASS: 'device_class'>: 'problem',
          <EntityStateAttribute.ICON: 'icon'>: 'mdi:information-outline',
        }),
        'entity_id': 'binary_sensor.climate_control_getr422_climatecontrol_is_in_error_state',
        'state': 'off',
      }),
    }),
    'binary_sensor.climate_control_getr422_climatecontrol_is_in_installer_state': dict({
      'entry': dict({
        'area_id': None,
        'categories': dict({
        }),
        'config_subentry_id': None,
        'disabled_by': None,
        'entity_category': <EntityCategory.DIAGNOSTIC: 'diagnostic'>,
        'entity_id': 'binary_sensor.climate_control_getr422_climatecontrol_is_in_installer_state',
        'has_entity_name': True,
        'hidden_by': None,
        'icon': None,
        'labels': list([
        ]),
        'name': None,
        'next_name_part': <NextNamePart.DEVICE: 'device'>,
        'options': ReadOnlyDict({
        }),
        'original_name': 'Is in installer state',
        'platform': 'daikin_onecta',
        'translation_key': 'isininstallerstate',
        'unique_id': '29e9a6af-0a8e-49ac-bc19-361c1347ba95_climateControlMainZone_None_isInInstallerState',
      }),
      'state': dict({
        'attributes': ReadOnlyDict({
          <EntityStateAttribute.ICON: 'icon'>: 'mdi:information-outline',
        }),
        'entity_id': 'binary_sensor.climate_control_getr422_climatecontrol_is_in_installer_state',
        'state': 'on',
      }),
    }),
    'binary_sensor.climate_control_getr422_climatecontrol_is_in_warning_state': dict({
      'entry': dict({
        'area_id': None,
        'categories': dict({
        }),
        'config_subentry_id': None,
        'disabled_by': None,
        'entity_category': <EntityCategory.DIAGNOSTIC: 'diagnostic'>,
        'entity_id': 'binary_sensor.climate_control_getr422_climatecontrol_is_in_warning_state',
        'has_entity_name': True,
        'hidden_by': None,
        'icon': None,
        'labels': list([
        ]),
        'name': None,
        'next_name_part': <NextNamePart.DEVICE: 'device'>,
        'options': ReadOnlyDict({
        }),
        'original_name': 'Is in warning state',
        'platform': 'daikin_onecta',
        'translation_key': 'isinwarningstate',
        'unique_id': '29e9a6af-0a8e-49ac-bc19-361c1347ba95_climateControlMainZone_None_isInWarningState',
      }),
      'state': dict({
        'attributes': ReadOnlyDict({
          <EntityStateAttribute.DEVICE_CLASS: 'device_class'>: 'problem',
          <EntityStateAttribute.ICON: 'icon'>: 'mdi:information-outline',
        }),
        'entity_id': 'binary_sensor.climate_control_getr422_climatecontrol_is_in_warning_state',
        'state': 'off',
      }),
    }),
    'binary_sensor.climate_control_getr422_domestichotwatertank_is_holiday_mode_active': dict({
      'entry': dict({
        'area_id': None,
        'categories': dict({
        }),
        'config_subentry_id': None,
        'disabled_by': None,
        'entity_category': <EntityCategory.DIAGNOSTIC: 'diagnostic'>,
        'entity_id': 'binary_sensor.climate_control_getr422_domestichotwatertank_is_holiday_mode_active',
        'has_entity_name': True,
        'hidden_by': None,
        'icon': None,
        'labels': list([
        ]),
        'name': None,
        'next_name_part': <NextNamePart.DEVICE: 'device'>,
        'options': ReadOnlyDict({
        }),
        'original_name': 'Is holiday mode active',
        'platform': 'daikin_onecta',
        'translation_key': 'isholidaymodeactive',
        'unique_id': '29e9a6af-0a8e-49ac-bc19-361c1347ba95_domesticHotWaterTank_None_isHolidayModeActive',
      }),
      'state': dict({
        'attributes': ReadOnlyDict({
          <EntityStateAttribute.ICON: 'icon'>: 'mdi:information-outline',
        }),
        'entity_id': 'binary_sensor.climate_control_getr422_domestichotwatertank_is_holiday_mode_active',
        'state': 'off',
      }),
    }),
    'binary_sensor.climate_control_getr422_domestichotwatertank_is_in_emergency_state': dict({
      'entry': dict({
        'area_id': None,
        'categories': dict({
        }),
        'config_subentry_id': None,
        'disabled_by': None,
        'entity_category': <EntityCategory.DIAGNOSTIC: 'diagnostic'>,
        'entity_id': 'binary_sensor.climate_control_getr422_domestichotwatertank_is_in_emergency_state',
        'has_entity_name': True,
        'hidden_by': None,
        'icon': None,
        'labels': list([
        ]),
        'name': None,
        'next_name_part': <NextNamePart.DEVICE: 'device'>,
        'options': ReadOnlyDict({
        }),
        'original_name': 'Is in emergency state',
        'platform': 'daikin_onecta',
        'translation_key': 'isinemergencystate',
        'unique_id': '29e9a6af-0a8e-49ac-bc19-361c1347ba95_domesticHotWaterTank_None_isInEmergencyState',
      }),
      'state': dict({
        'attributes': ReadOnlyDict({
          <EntityStateAttribute.DEVICE_CLASS: 'device_class'>: 'problem',
          <EntityStateAttribute.ICON: 'icon'>: 'mdi:information-outline',
        }),
        'entity_id': 'binary_sensor.climate_control_getr422_domestichotwatertank_is_in_emergency_state',
        'state': 'off',
      }),
    }),
    'binary_sensor.climate_control_getr422_domestichotwatertank_is_in_error_state': dict({
      'entry': dict({
        'area_id': None,
        'categories': dict({
        }),
        'config_subentry_id': None,
        'disabled_by': None,
        'entity_category': <EntityCategory.DIAGNOSTIC: 'diagnostic'>,
        'entity_id': 'binary_sensor.climate_control_getr422_domestichotwatertank_is_in_error_state',
        'has_entity_name': True,
        'hidden_by': None,
        'icon': None,
        'labels': list([
        ]),
        'name': None,
        'next_name_part': <NextNamePart.DEVICE: 'device'>,
        'options': ReadOnlyDict({
        }),
        'original_name': 'Is in error state',
        'platform': 'daikin_onecta',
        'translation_key': 'isinerrorstate',
        'unique_id': '29e9a6af-0a8e-49ac-bc19-361c1347ba95_domesticHotWaterTank_None_isInErrorState',
      }),
      'state': dict({
        'attributes': ReadOnlyDict({
          <EntityStateAttribute.DEVICE_CLASS: 'device_class'>: 'problem',
          <EntityStateAttribute.ICON: 'icon'>: 'mdi:information-outline',
        }),
        'entity_id': 'binary_sensor.climate_control_getr422_domestichotwatertank_is_in_error_state',
        'state': 'off',
      }),
    }),
    'binary_sensor.climate_control_getr422_domestichotwatertank_is_in_installer_state': dict({
      'entry': dict({
        'area_id': None,
        'categories': dict({
        }),
        'config_subentry_id': None,
        'disabled_by': None,
        'entity_category': <EntityCategory.DIAGNOSTIC: 'diagnostic'>,
        'entity_id': 'binary_sensor.climate_control_getr422_domestichotwatertank_is_in_installer_state',
        'has_entity_name': True,
        'hidden_by': None,
        'icon': None,
        'labels': list([
        ]),
        'name': None,
        'next_name_part': <NextNamePart.DEVICE: 'device'>,
        'options': ReadOnlyDict({
        }),
        'original_name': 'Is in installer state',
        'platform': 'daikin_onecta',
        'translation_key': 'isininstallerstate',
        'unique_id': '29e9a6af-0a8e-49ac-bc19-361c1347ba95_domesticHotWaterTank_None_isInInstallerState',
      }),
      'state': dict({
        'attributes': ReadOnlyDict({
          <EntityStateAttribute.ICON: 'icon'>: 'mdi:information-outline',
        }),
        'entity_id': 'binary_sensor.climate_control_getr422_domestichotwatertank_is_in_installer_state',
        'state': 'on',
      }),
    }),
    'binary_sensor.climate_control_getr422_domestichotwatertank_is_in_warning_state': dict({
      'entry': dict({
        'area_id': None,
        'categories': dict({
        }),
        'config_subentry_id': None,
        'disabled_by': None,
        'entity_category': <EntityCategory.DIAGNOSTIC: 'diagnostic'>,
        'entity_id': 'binary_sensor.climate_control_getr422_domestichotwatertank_is_in_warning_state',
        'has_entity_name': True,
        'hidden_by': None,
        'icon': None,
        'labels': list([
        ]),
        'name': None,
        'next_name_part': <NextNamePart.DEVICE: 'device'>,
        'options': ReadOnlyDict({
        }),
        'original_name': 'Is in warning state',
        'platform': 'daikin_onecta',
        'translation_key': 'isinwarningstate',
        'unique_id': '29e9a6af-0a8e-49ac-bc19-361c1347ba95_domesticHotWaterTank_None_isInWarningState',
      }),
      'state': dict({
        'attributes': ReadOnlyDict({
          <EntityStateAttribute.DEVICE_CLASS: 'device_class'>: 'problem',
          <EntityStateAttribute.ICON: 'icon'>: 'mdi:information-outline',
        }),
        'entity_id': 'binary_sensor.climate_control_getr422_domestichotwatertank_is_in_warning_state',
        'state': 'off',
      }),
    }),
    'binary_sensor.climate_control_getr422_gateway_is_firmware_update_supported': dict({
      'entry': dict({
        'area_id': None,
        'categories': dict({
        }),
        'config_subentry_id': None,
        'disabled_by': None,
        'entity_category': <EntityCategory.DIAGNOSTIC: 'diagnostic'>,
        'entity_id': 'binary_sensor.climate_control_getr422_gateway_is_firmware_update_supported',
        'has_entity_name': True,
        'hidden_by': None,
        'icon': None,
        'labels': list([
        ]),
        'name': None,
        'next_name_part': <NextNamePart.DEVICE: 'device'>,
        'options': ReadOnlyDict({
        }),
        'original_name': 'Is firmware update supported',
        'platform': 'daikin_onecta',
        'translation_key': 'isfirmwareupdatesupported',
        'unique_id': '29e9a6af-0a8e-49ac-bc19-361c1347ba95_gateway_None_isFirmwareUpdateSupported',
      }),
      'state': dict({
        'attributes': ReadOnlyDict({
          <EntityStateAttribute.ICON: 'icon'>: 'mdi:information-outline',
        }),
        'entity_id': 'binary_sensor.climate_control_getr422_gateway_is_firmware_update_supported',
        'state': 'on',
      }),
    }),
    'button.climate_control_getr422_refresh': dict({
      'entry': dict({
        'area_id': None,
        'categories': dict({
        }),
        'config_subentry_id': None,
        'disabled_by': None,
        'entity_category': <EntityCategory.CONFIG: 'config'>,
        'entity_id': 'button.climate_control_getr422_refresh',
        'has_entity_name': True,
        'hidden_by': None,
        'icon': None,
        'labels': list([
        ]),
        'name': None,
        'next_name_part': <NextNamePart.DEVICE: 'device'>,
        'options': ReadOnlyDict({
        }),
        'original_name': 'Refresh',
        'platform': 'daikin_onecta',
        'translation_key': None,
        'unique_id': '29e9a6af-0a8e-49ac-bc19-361c1347ba95_refresh',
      }),
      'state': dict({
        'attributes': ReadOnlyDict({
          <EntityStateAttribute.ICON: 'icon'>: 'mdi:refresh',
        }),
        'entity_id': 'button.climate_control_getr422_refresh',
        'state': 'unknown',
      }),
    }),
    'climate.climate_control_getr422_leaving_water_temperature': dict({
      'entry': dict({
        'area_id': None,
        'categories': dict({
        }),
        'config_subentry_id': None,
        'disabled_by': None,
        'entity_category': None,
        'entity_id': 'climate.climate_control_getr422_leaving_water_temperature',
        'has_entity_name': True,
        'hidden_by': None,
        'icon': None,
        'labels': list([
        ]),
        'name': None,
        'next_name_part': <NextNamePart.DEVICE: 'device'>,
        'options': ReadOnlyDict({
        }),
        'original_name': 'Leaving Water Temperature',
        'platform': 'daikin_onecta',
        'translation_key': 'leavingwatertemperature',
        'unique_id': '29e9a6af-0a8e-49ac-bc19-361c1347ba95_climateControlMainZone_leavingWaterTemperature',
      }),
      'state': dict({
        'attributes': ReadOnlyDict({
          <ClimateEntityStateAttribute.CURRENT_TEMPERATURE: 'current_temperature'>: 23.9,
          <ClimateEntityCapabilityAttribute.HVAC_MODES: 'hvac_modes'>: list([
            <HVACMode.OFF: 'off'>,
            <HVACMode.HEAT: 'heat'>,
          ]),
          <ClimateEntityCapabilityAttribute.MAX_TEMP: 'max_temp'>: 75,
          <ClimateEntityCapabilityAttribute.MIN_TEMP: 'min_temp'>: 20,
          <ClimateEntityStateAttribute.PRESET_MODE: 'preset_mode'>: 'none',
          <ClimateEntityCapabilityAttribute.PRESET_MODES: 'preset_modes'>: list([
            'away',
            'none',
          ]),
          <EntityStateAttribute.SUPPORTED_FEATURES: 'supported_features'>: <ClimateEntityFeature.PRESET_MODE|TURN_OFF|TURN_ON: 400>,
          <ClimateEntityCapabilityAttribute.TARGET_TEMP_STEP: 'target_temp_step'>: 1,
        }),
        'entity_id': 'climate.climate_control_getr422_leaving_water_temperature',
        'state': 'off',
      }),
    }),
    'sensor.climate_control_getr422_climatecontrol_control_mode': dict({
      'entry': dict({
        'area_id': None,
        'categories': dict({
        }),
        'config_subentry_id': None,
        'disabled_by': None,
        'entity_category': None,
        'entity_id': 'sensor.climate_control_getr422_climatecontrol_control_mode',
        'has_entity_name': True,
        'hidden_by': None,
        'icon': None,
        'labels': list([
        ]),
        'name': None,
        'next_name_part': <NextNamePart.DEVICE: 'device'>,
        'options': ReadOnlyDict({
        }),
        'original_name': 'Control mode',
        'platform': 'daikin_onecta',
        'translation_key': 'controlmode',
        'unique_id': '29e9a6af-0a8e-49ac-bc19-361c1347ba95_climateControlMainZone_None_controlMode',
      }),
      'state': dict({
        'attributes': ReadOnlyDict({
          <EntityStateAttribute.ICON: 'icon'>: 'mdi:alphabetical',
        }),
        'entity_id': 'sensor.climate_control_getr422_climatecontrol_control_mode',
        'state': 'leavingWaterTemperature',
      }),
    }),
    'sensor.climate_control_getr422_climatecontrol_cooling_daily_electrical_consumption': dict({
      'entry': dict({
        'area_id': None,
        'categories': dict({
        }),
        'config_subentry_id': None,
        'disabled_by': None,
        'entity_category': None,
        'entity_id': 'sensor.climate_control_getr422_climatecontrol_cooling_daily_electrical_consumption',
        'has_entity_name': True,
        'hidden_by': None,
        'icon': None,
        'labels': list([
        ]),
        'name': None,
        'next_name_part': <NextNamePart.DEVICE: 'device'>,
        'options': ReadOnlyDict({
          'sensor': ReadOnlyDict({
            'suggested_display_precision': 2,
          }),
        }),
        'original_name': 'Cooling daily electrical consumption',
        'platform': 'daikin_onecta',
        'translation_key': 'coolingdailyelectricalconsumption',
        'unique_id': '29e9a6af-0a8e-49ac-bc19-361c1347ba95_climateControlMainZone_electrical_cooling_d_consumption',
      }),
      'state': dict({
        'attributes': ReadOnlyDict({
          <EntityStateAttribute.DEVICE_CLASS: 'device_class'>: 'energy',
          <EntityStateAttribute.ICON: 'icon'>: 'mdi:snowflake',
          <SensorEntityCapabilityAttribute.STATE_CLASS: 'state_class'>: <SensorStateClass.TOTAL_INCREASING: 'total_increasing'>,
          <EntityStateAttribute.UNIT_OF_MEASUREMENT: 'unit_of_measurement'>: <UnitOfEnergy.KILO_WATT_HOUR: 'kWh'>,
        }),
        'entity_id': 'sensor.climate_control_getr422_climatecontrol_cooling_daily_electrical_consumption',
        'state': '0',
      }),
    }),
    'sensor.climate_control_getr422_climatecontrol_cooling_monthly_electrical_consumption': dict({
      'entry': dict({
        'area_id': None,
        'categories': dict({
        }),
        'config_subentry_id': None,
        'disabled_by': None,
        'entity_category': None,
        'entity_id': 'sensor.climate_control_getr422_climatecontrol_cooling_monthly_electrical_consumption',
        'has_entity_name': True,
        'hidden_by': None,
        'icon': None,
        'labels': list([
        ]),
        'name': None,
        'next_name_part': <NextNamePart.DEVICE: 'device'>,
        'options': ReadOnlyDict({
          'sensor': ReadOnlyDict({
            'suggested_display_precision': 2,
          }),
        }),
        'original_name': 'Cooling monthly electrical consumption',
        'platform': 'daikin_onecta',
        'translation_key': 'coolingmonthlyelectricalconsumption',
        'unique_id': '29e9a6af-0a8e-49ac-bc19-361c1347ba95_climateControlMainZone_electrical_cooling_monthly_consumption',
      }),
      'state': dict({
        'attributes': ReadOnlyDict({
          <EntityStateAttribute.DEVICE_CLASS: 'device_class'>: 'energy',
          <EntityStateAttribute.ICON: 'icon'>: 'mdi:snowflake',
          <SensorEntityCapabilityAttribute.STATE_CLASS: 'state_class'>: <SensorStateClass.TOTAL_INCREASING: 'total_increasing'>,
          <EntityStateAttribute.UNIT_OF_MEASUREMENT: 'unit_of_measurement'>: <UnitOfEnergy.KILO_WATT_HOUR: 'kWh'>,
        }),
        'entity_id': 'sensor.climate_control_getr422_climatecontrol_cooling_monthly_electrical_consumption',
        'state': '0',
      }),
    }),
    'sensor.climate_control_getr422_climatecontrol_cooling_weekly_electrical_consumption': dict({
      'entry': dict({
        'area_id': None,
        'categories': dict({
        }),
        'config_subentry_id': None,
        'disabled_by': None,
        'entity_category': None,
        'entity_id': 'sensor.climate_control_getr422_climatecontrol_cooling_weekly_electrical_consumption',
        'has_entity_name': True,
        'hidden_by': None,
        'icon': None,
        'labels': list([
        ]),
        'name': None,
        'next_name_part': <NextNamePart.DEVICE: 'device'>,
        'options': ReadOnlyDict({
          'sensor': ReadOnlyDict({
            'suggested_display_precision': 2,
          }),
        }),
        'original_name': 'Cooling weekly electrical consumption',
        'platform': 'daikin_onecta',
        'translation_key': 'coolingweeklyelectricalconsumption',
        'unique_id': '29e9a6af-0a8e-49ac-bc19-361c1347ba95_climateControlMainZone_electrical_cooling_w_consumption',
      }),
      'state': dict({
        'attributes': ReadOnlyDict({
          <EntityStateAttribute.DEVICE_CLASS: 'device_class'>: 'energy',
          <EntityStateAttribute.ICON: 'icon'>: 'mdi:snowflake',
          <SensorEntityCapabilityAttribute.STATE_CLASS: 'state_class'>: <SensorStateClass.TOTAL_INCREASING: 'total_increasing'>,
          <EntityStateAttribute.UNIT_OF_MEASUREMENT: 'unit_of_measurement'>: <UnitOfEnergy.KILO_WATT_HOUR: 'kWh'>,
        }),
        'entity_id': 'sensor.climate_control_getr422_climatecontrol_cooling_weekly_electrical_consumption',
        'state': '0',
      }),
    }),
    'sensor.climate_control_getr422_climatecontrol_cooling_yearly_electrical_consumption': dict({
      'entry': dict({
        'area_id': None,
        'categories': dict({
        }),
        'config_subentry_id': None,
        'disabled_by': None,
        'entity_category': None,
        'entity_id': 'sensor.climate_control_getr422_climatecontrol_cooling_yearly_electrical_consumption',
        'has_entity_name': True,
        'hidden_by': None,
        'icon': None,
        'labels': list([
        ]),
        'name': None,
        'next_name_part': <NextNamePart.DEVICE: 'device'>,
        'options': ReadOnlyDict({
          'sensor': ReadOnlyDict({
            'suggested_display_precision': 2,
          }),
        }),
        'original_name': 'Cooling yearly electrical consumption',
        'platform': 'daikin_onecta',
        'translation_key': 'coolingyearlyelectricalconsumption',
        'unique_id': '29e9a6af-0a8e-49ac-bc19-361c1347ba95_climateControlMainZone_electrical_cooling_m_consumption',
      }),
      'state': dict({
        'attributes': ReadOnlyDict({
          <EntityStateAttribute.DEVICE_CLASS: 'device_class'>: 'energy',
          <EntityStateAttribute.ICON: 'icon'>: 'mdi:snowflake',
          <SensorEntityCapabilityAttribute.STATE_CLASS: 'state_class'>: <SensorStateClass.TOTAL_INCREASING: 'total_increasing'>,
          <EntityStateAttribute.UNIT_OF_MEASUREMENT: 'unit_of_measurement'>: <UnitOfEnergy.KILO_WATT_HOUR: 'kWh'>,
        }),
        'entity_id': 'sensor.climate_control_getr422_climatecontrol_cooling_yearly_electrical_consumption',
        'state': '0',
      }),
    }),
    'sensor.climate_control_getr422_climatecontrol_error_code': dict({
      'entry': dict({
        'area_id': None,
        'categories': dict({
        }),
        'config_subentry_id': None,
        'disabled_by': None,
        'entity_category': <EntityCategory.DIAGNOSTIC: 'diagnostic'>,
        'entity_id': 'sensor.climate_control_getr422_climatecontrol_error_code',
        'has_entity_name': True,
        'hidden_by': None,
        'icon': None,
        'labels': list([
        ]),
        'name': None,
        'next_name_part': <NextNamePart.DEVICE: 'device'>,
        'options': ReadOnlyDict({
        }),
        'original_name': 'Error code',
        'platform': 'daikin_onecta',
        'translation_key': 'errorcode',
        'unique_id': '29e9a6af-0a8e-49ac-bc19-361c1347ba95_climateControlMainZone_None_errorCode',
      }),
      'state': dict({
        'attributes': ReadOnlyDict({
          <EntityStateAttribute.ICON: 'icon'>: 'mdi:information-outline',
        }),
        'entity_id': 'sensor.climate_control_getr422_climatecontrol_error_code',
        'state': '',
      }),
    }),
    'sensor.climate_control_getr422_climatecontrol_heating_daily_electrical_consumption': dict({
      'entry': dict({
        'area_id': None,
        'categories': dict({
        }),
        'config_subentry_id': None,
        'disabled_by': None,
        'entity_category': None,
        'entity_id': 'sensor.climate_control_getr422_climatecontrol_heating_daily_electrical_consumption',
        'has_entity_name': True,
        'hidden_by': None,
        'icon': None,
        'labels': list([
        ]),
        'name': None,
        'next_name_part': <NextNamePart.DEVICE: 'device'>,
        'options': ReadOnlyDict({
          'sensor': ReadOnlyDict({
            'suggested_display_precision': 2,
          }),
        }),
        'original_name': 'Heating daily electrical consumption',
        'platform': 'daikin_onecta',
        'translation_key': 'heatingdailyelectricalconsumption',
        'unique_id': '29e9a6af-0a8e-49ac-bc19-361c1347ba95_climateControlMainZone_electrical_heating_d_consumption',
      }),
      'state': dict({
        'attributes': ReadOnlyDict({
          <EntityStateAttribute.DEVICE_CLASS: 'device_class'>: 'energy',
          <EntityStateAttribute.ICON: 'icon'>: 'mdi:fire',
          <SensorEntityCapabilityAttribute.STATE_CLASS: 'state_class'>: <SensorStateClass.TOTAL_INCREASING: 'total_increasing'>,
          <EntityStateAttribute.UNIT_OF_MEASUREMENT: 'unit_of_measurement'>: <UnitOfEnergy.KILO_WATT_HOUR: 'kWh'>,
        }),
        'entity_id': 'sensor.climate_control_getr422_climatecontrol_heating_daily_electrical_consumption',
        'state': '0.01',
      }),
    }),
    'sensor.climate_control_getr422_climatecontrol_heating_monthly_electrical_consumption': dict({
      'entry': dict({
        'area_id': None,
        'categories': dict({
        }),
        'config_subentry_id': None,
        'disabled_by': None,
        'entity_category': None,
        'entity_id': 'sensor.climate_control_getr422_climatecontrol_heating_monthly_electrical_consumption',
        'has_entity_name': True,
        'hidden_by': None,
        'icon': None,
        'labels': list([
        ]),
        'name': None,
        'next_name_part': <NextNamePart.DEVICE: 'device'>,
        'options': ReadOnlyDict({
          'sensor': ReadOnlyDict({
            'suggested_display_precision': 2,
          }),
        }),
        'original_name': 'Heating monthly electrical consumption',
        'platform': 'daikin_onecta',
        'translation_key': 'heatingmonthlyelectricalconsumption',
        'unique_id': '29e9a6af-0a8e-49ac-bc19-361c1347ba95_climateControlMainZone_electrical_heating_monthly_consumption',
      }),
      'state': dict({
        'attributes': ReadOnlyDict({
          <EntityStateAttribute.DEVICE_CLASS: 'device_class'>: 'energy',
          <EntityStateAttribute.ICON: 'icon'>: 'mdi:fire',
          <SensorEntityCapabilityAttribute.STATE_CLASS: 'state_class'>: <SensorStateClass.TOTAL_INCREASING: 'total_increasing'>,
          <EntityStateAttribute.UNIT_OF_MEASUREMENT: 'unit_of_measurement'>: <UnitOfEnergy.KILO_WATT_HOUR: 'kWh'>,
        }),
        'entity_id': 'sensor.climate_control_getr422_climatecontrol_heating_monthly_electrical_consumption',
        'state': '0',
      }),
    }),
    'sensor.climate_control_getr422_climatecontrol_heating_weekly_electrical_consumption': dict({
      'entry': dict({
        'area_id': None,
        'categories': dict({
        }),
        'config_subentry_id': None,
        'disabled_by': None,
        'entity_category': None,
        'entity_id': 'sensor.climate_control_getr422_climatecontrol_heating_weekly_electrical_consumption',
        'has_entity_name': True,
        'hidden_by': None,
        'icon': None,
        'labels': list([
        ]),
        'name': None,
        'next_name_part': <NextNamePart.DEVICE: 'device'>,
        'options': ReadOnlyDict({
          'sensor': ReadOnlyDict({
            'suggested_display_precision': 2,
          }),
        }),
        'original_name': 'Heating weekly electrical consumption',
        'platform': 'daikin_onecta',
        'translation_key': 'heatingweeklyelectricalconsumption',
        'unique_id': '29e9a6af-0a8e-49ac-bc19-361c1347ba95_climateControlMainZone_electrical_heating_w_consumption',
      }),
      'state': dict({
        'attributes': ReadOnlyDict({
          <EntityStateAttribute.DEVICE_CLASS: 'device_class'>: 'energy',
          <EntityStateAttribute.ICON: 'icon'>: 'mdi:fire',
          <SensorEntityCapabilityAttribute.STATE_CLASS: 'state_class'>: <SensorStateClass.TOTAL_INCREASING: 'total_increasing'>,
          <EntityStateAttribute.UNIT_OF_MEASUREMENT: 'unit_of_measurement'>: <UnitOfEnergy.KILO_WATT_HOUR: 'kWh'>,
        }),
        'entity_id': 'sensor.climate_control_getr422_climatecontrol_heating_weekly_electrical_consumption',
        'state': '0.01',
      }),
    }),
    'sensor.climate_control_getr422_climatecontrol_heating_yearly_electrical_consumption': dict({
      'entry': dict({
        'area_id': None,
        'categories': dict({
        }),
        'config_subentry_id': None,
        'disabled_by': None,
        'entity_category': None,
        'entity_id': 'sensor.climate_control_getr422_climatecontrol_heating_yearly_electrical_consumption',
        'has_entity_name': True,
        'hidden_by': None,
        'icon': None,
        'labels': list([
        ]),
        'name': None,
        'next_name_part': <NextNamePart.DEVICE: 'device'>,
        'options': ReadOnlyDict({
          'sensor': ReadOnlyDict({
            'suggested_display_precision': 2,
          }),
        }),
        'original_name': 'Heating yearly electrical consumption',
        'platform': 'daikin_onecta',
        'translation_key': 'heatingyearlyelectricalconsumption',
        'unique_id': '29e9a6af-0a8e-49ac-bc19-361c1347ba95_climateControlMainZone_electrical_heating_m_consumption',
      }),
      'state': dict({
        'attributes': ReadOnlyDict({
          <EntityStateAttribute.DEVICE_CLASS: 'device_class'>: 'energy',
          <EntityStateAttribute.ICON: 'icon'>: 'mdi:fire',
          <SensorEntityCapabilityAttribute.STATE_CLASS: 'state_class'>: <SensorStateClass.TOTAL_INCREASING: 'total_increasing'>,
          <EntityStateAttribute.UNIT_OF_MEASUREMENT: 'unit_of_measurement'>: <UnitOfEnergy.KILO_WATT_HOUR: 'kWh'>,
        }),
        'entity_id': 'sensor.climate_control_getr422_climatecontrol_heating_yearly_electrical_consumption',
        'state': '13.01',
      }),
    }),
    'sensor.climate_control_getr422_climatecontrol_leaving_water_temperature': dict({
      'entry': dict({
        'area_id': None,
        'categories': dict({
        }),
        'config_subentry_id': None,
        'disabled_by': None,
        'entity_category': None,
        'entity_id': 'sensor.climate_control_getr422_climatecontrol_leaving_water_temperature',
        'has_entity_name': True,
        'hidden_by': None,
        'icon': None,
        'labels': list([
        ]),
        'name': None,
        'next_name_part': <NextNamePart.DEVICE: 'device'>,
        'options': ReadOnlyDict({
          'sensor': ReadOnlyDict({
            'suggested_display_precision': 1,
          }),
        }),
        'original_name': 'Leaving water temperature',
        'platform': 'daikin_onecta',
        'translation_key': 'leavingwatertemperature',
        'unique_id': '29e9a6af-0a8e-49ac-bc19-361c1347ba95_climateControlMainZone_sensoryData_leavingWaterTemperature',
      }),
      'state': dict({
        'attributes': ReadOnlyDict({
          <EntityStateAttribute.DEVICE_CLASS: 'device_class'>: 'temperature',
          <EntityStateAttribute.ICON: 'icon'>: '',
          <SensorEntityCapabilityAttribute.STATE_CLASS: 'state_class'>: <SensorStateClass.MEASUREMENT: 'measurement'>,
          <EntityStateAttribute.UNIT_OF_MEASUREMENT: 'unit_of_measurement'>: <UnitOfTemperature.CELSIUS: '°C'>,
        }),
        'entity_id': 'sensor.climate_control_getr422_climatecontrol_leaving_water_temperature',
        'state': '23.9',
      }),
    }),
    'sensor.climate_control_getr422_climatecontrol_on_off_mode': dict({
      'entry': dict({
        'area_id': None,
        'categories': dict({
        }),
        'config_subentry_id': None,
        'disabled_by': None,
        'entity_category': None,
        'entity_id': 'sensor.climate_control_getr422_climatecontrol_on_off_mode',
        'has_entity_name': True,
        'hidden_by': None,
        'icon': None,
        'labels': list([
        ]),
        'name': None,
        'next_name_part': <NextNamePart.DEVICE: 'device'>,
        'options': ReadOnlyDict({
        }),
        'original_name': 'On/Off mode',
        'platform': 'daikin_onecta',
        'translation_key': 'onoffmode',
        'unique_id': '29e9a6af-0a8e-49ac-bc19-361c1347ba95_climateControlMainZone_None_onOffMode',
      }),
      'state': dict({
        'attributes': ReadOnlyDict({
          <EntityStateAttribute.ICON: 'icon'>: 'mdi:toggle-switch-variant',
        }),
        'entity_id': 'sensor.climate_control_getr422_climatecontrol_on_off_mode',
        'state': 'off',
      }),
    }),
    'sensor.climate_control_getr422_climatecontrol_outdoor_temperature': dict({
      'entry': dict({
        'area_id': None,
        'categories': dict({
        }),
        'config_subentry_id': None,
        'disabled_by': None,
        'entity_category': None,
        'entity_id': 'sensor.climate_control_getr422_climatecontrol_outdoor_temperature',
        'has_entity_name': True,
        'hidden_by': None,
        'icon': None,
        'labels': list([
        ]),
        'name': None,
        'next_name_part': <NextNamePart.DEVICE: 'device'>,
        'options': ReadOnlyDict({
          'sensor': ReadOnlyDict({
            'suggested_display_precision': 1,
          }),
        }),
        'original_name': 'Outdoor temperature',
        'platform': 'daikin_onecta',
        'translation_key': 'outdoortemperature',
        'unique_id': '29e9a6af-0a8e-49ac-bc19-361c1347ba95_climateControlMainZone_sensoryData_outdoorTemperature',
      }),
      'state': dict({
        'attributes': ReadOnlyDict({
          <EntityStateAttribute.DEVICE_CLASS: 'device_class'>: 'temperature',
          <EntityStateAttribute.ICON: 'icon'>: '',
          <SensorEntityCapabilityAttribute.STATE_CLASS: 'state_class'>: <SensorStateClass.MEASUREMENT: 'measurement'>,
          <EntityStateAttribute.UNIT_OF_MEASUREMENT: 'unit_of_measurement'>: <UnitOfTemperature.CELSIUS: '°C'>,
        }),
        'entity_id': 'sensor.climate_control_getr422_climatecontrol_outdoor_temperature',
        'state': '5.7',
      }),
    }),
    'sensor.climate_control_getr422_climatecontrol_setpoint_mode': dict({
      'entry': dict({
        'area_id': None,
        'categories': dict({
        }),
        'config_subentry_id': None,
        'disabled_by': None,
        'entity_category': None,
        'entity_id': 'sensor.climate_control_getr422_climatecontrol_setpoint_mode',
        'has_entity_name': True,
        'hidden_by': None,
        'icon': None,
        'labels': list([
        ]),
        'name': None,
        'next_name_part': <NextNamePart.DEVICE: 'device'>,
        'options': ReadOnlyDict({
        }),
        'original_name': 'Setpoint mode',
        'platform': 'daikin_onecta',
        'translation_key': 'setpointmode',
        'unique_id': '29e9a6af-0a8e-49ac-bc19-361c1347ba95_climateControlMainZone_None_setpointMode',
      }),
      'state': dict({
        'attributes': ReadOnlyDict({
          <EntityStateAttribute.ICON: 'icon'>: 'mdi:alphabetical',
        }),
        'entity_id': 'sensor.climate_control_getr422_climatecontrol_setpoint_mode',
        'state': 'fixed',
      }),
    }),
    'sensor.climate_control_getr422_domestichotwatertank_error_code': dict({
      'entry': dict({
        'area_id': None,
        'categories': dict({
        }),
        'config_subentry_id': None,
        'disabled_by': None,
        'entity_category': <EntityCategory.DIAGNOSTIC: 'diagnostic'>,
        'entity_id': 'sensor.climate_control_getr422_domestichotwatertank_error_code',
        'has_entity_name': True,
        'hidden_by': None,
        'icon': None,
        'labels': list([
        ]),
        'name': None,
        'next_name_part': <NextNamePart.DEVICE: 'device'>,
        'options': ReadOnlyDict({
        }),
        'original_name': 'Error code',
        'platform': 'daikin_onecta',
        'translation_key': 'errorcode',
        'unique_id': '29e9a6af-0a8e-49ac-bc19-361c1347ba95_domesticHotWaterTank_None_errorCode',
      }),
      'state': dict({
        'attributes': ReadOnlyDict({
          <EntityStateAttribute.ICON: 'icon'>: 'mdi:information-outline',
        }),
        'entity_id': 'sensor.climate_control_getr422_domestichotwatertank_error_code',
        'state': '',
      }),
    }),
    'sensor.climate_control_getr422_domestichotwatertank_heat_up_mode': dict({
      'entry': dict({
        'area_id': None,
        'categories': dict({
        }),
        'config_subentry_id': None,
        'disabled_by': None,
        'entity_category': None,
        'entity_id': 'sensor.climate_control_getr422_domestichotwatertank_heat_up_mode',
        'has_entity_name': True,
        'hidden_by': None,
        'icon': None,
        'labels': list([
        ]),
        'name': None,
        'next_name_part': <NextNamePart.DEVICE: 'device'>,
        'options': ReadOnlyDict({
        }),
        'original_name': 'Heat up mode',
        'platform': 'daikin_onecta',
        'translation_key': 'heatupmode',
        'unique_id': '29e9a6af-0a8e-49ac-bc19-361c1347ba95_domesticHotWaterTank_None_heatupMode',
      }),
      'state': dict({
        'attributes': ReadOnlyDict({
          <EntityStateAttribute.ICON: 'icon'>: 'mdi:alphabetical',
        }),
        'entity_id': 'sensor.climate_control_getr422_domestichotwatertank_heat_up_mode',
        'state': 'reheatOnly',
      }),
    }),
    'sensor.climate_control_getr422_domestichotwatertank_heating_daily_electrical_consumption': dict({
      'entry': dict({
        'area_id': None,
        'categories': dict({
        }),
        'config_subentry_id': None,
        'disabled_by': None,
        'entity_category': None,
        'entity_id': 'sensor.climate_control_getr422_domestichotwatertank_heating_daily_electrical_consumption',
        'has_entity_name': True,
        'hidden_by': None,
        'icon': None,
        'labels': list([
        ]),
        'name': None,
        'next_name_part': <NextNamePart.DEVICE: 'device'>,
        'options': ReadOnlyDict({
          'sensor': ReadOnlyDict({
            'suggested_display_precision': 2,
          }),
        }),
        'original_name': 'Heating daily electrical consumption',
        'platform': 'daikin_onecta',
        'translation_key': 'heatingdailyelectricalconsumption',
        'unique_id': '29e9a6af-0a8e-49ac-bc19-361c1347ba95_domesticHotWaterTank_electrical_heating_d_consumption',
      }),
      'state': dict({
        'attributes': ReadOnlyDict({
          <EntityStateAttribute.DEVICE_CLASS: 'device_class'>: 'energy',
          <EntityStateAttribute.ICON: 'icon'>: 'mdi:fire',
          <SensorEntityCapabilityAttribute.STATE_CLASS: 'state_class'>: <SensorStateClass.TOTAL_INCREASING: 'total_increasing'>,
          <EntityStateAttribute.UNIT_OF_MEASUREMENT: 'unit_of_measurement'>: <UnitOfEnergy.KILO_WATT_HOUR: 'kWh'>,
        }),
        'entity_id': 'sensor.climate_control_getr422_domestichotwatertank_heating_daily_electrical_consumption',
        'state': '0.01',
      }),
    }),
    'sensor.climate_control_getr422_domestichotwatertank_heating_monthly_electrical_consumption': dict({
      'entry': dict({
        'area_id': None,
        'categories': dict({
        }),
        'config_subentry_id': None,
        'disabled_by': None,
        'entity_category': None,
        'entity_id': 'sensor.climate_control_getr422_domestichotwatertank_heating_monthly_electrical_consumption',
        'has_entity_name': True,
        'hidden_by': None,
        'icon': None,
        'labels': list([
        ]),
        'name': None,
        'next_name_part': <NextNamePart.DEVICE: 'device'>,
        'options': ReadOnlyDict({
          'sensor': ReadOnlyDict({
            'suggested_display_precision': 2,
          }),
        }),
        'original_name': 'Heating monthly electrical consumption',
        'platform': 'daikin_onecta',
        'translation_key': 'heatingmonthlyelectricalconsumption',
        'unique_id': '29e9a6af-0a8e-49ac-bc19-361c1347ba95_domesticHotWaterTank_electrical_heating_monthly_consumption',
      }),
      'state': dict({
        'attributes': ReadOnlyDict({
          <EntityStateAttribute.DEVICE_CLASS: 'device_class'>: 'energy',
          <EntityStateAttribute.ICON: 'icon'>: 'mdi:fire',
          <SensorEntityCapabilityAttribute.STATE_CLASS: 'state_class'>: <SensorStateClass.TOTAL_INCREASING: 'total_increasing'>,
          <EntityStateAttribute.UNIT_OF_MEASUREMENT: 'unit_of_measurement'>: <UnitOfEnergy.KILO_WATT_HOUR: 'kWh'>,
        }),
        'entity_id': 'sensor.climate_control_getr422_domestichotwatertank_heating_monthly_electrical_consumption',
        'state': '0',
      }),
    }),
    'sensor.climate_control_getr422_domestichotwatertank_heating_weekly_electrical_consumption': dict({
      'entry': dict({
        'area_id': None,
        'categories': dict({
        }),
        'config_subentry_id': None,
        'disabled_by': None,
        'entity_category': None,
        'entity_id': 'sensor.climate_control_getr422_domestichotwatertank_heating_weekly_electrical_consumption',
        'has_entity_name': True,
        'hidden_by': None,
        'icon': None,
        'labels': list([
        ]),
        'name': None,
        'next_name_part': <NextNamePart.DEVICE: 'device'>,
        'options': ReadOnlyDict({
          'sensor': ReadOnlyDict({
            'suggested_display_precision': 2,
          }),
        }),
        'original_name': 'Heating weekly electrical consumption',
        'platform': 'daikin_onecta',
        'translation_key': 'heatingweeklyelectricalconsumption',
        'unique_id': '29e9a6af-0a8e-49ac-bc19-361c1347ba95_domesticHotWaterTank_electrical_heating_w_consumption',
      }),
      'state': dict({
        'attributes': ReadOnlyDict({
          <EntityStateAttribute.DEVICE_CLASS: 'device_class'>: 'energy',
          <EntityStateAttribute.ICON: 'icon'>: 'mdi:fire',
          <SensorEntityCapabilityAttribute.STATE_CLASS: 'state_class'>: <SensorStateClass.TOTAL_INCREASING: 'total_increasing'>,
          <EntityStateAttribute.UNIT_OF_MEASUREMENT: 'unit_of_measurement'>: <UnitOfEnergy.KILO_WATT_HOUR: 'kWh'>,
        }),
        'entity_id': 'sensor.climate_control_getr422_domestichotwatertank_heating_weekly_electrical_consumption',
        'state': '0.01',
      }),
    }),
    'sensor.climate_control_getr422_domestichotwatertank_heating_yearly_electrical_consumption': dict({
      'entry': dict({
        'area_id': None,
        'categories': dict({
        }),
        'config_subentry_id': None,
        'disabled_by': None,
        'entity_category': None,
        'entity_id': 'sensor.climate_control_getr422_domestichotwatertank_heating_yearly_electrical_consumption',
        'has_entity_name': True,
        'hidden_by': None,
        'icon': None,
        'labels': list([
        ]),
        'name': None,
        'next_name_part': <NextNamePart.DEVICE: 'device'>,
        'options': ReadOnlyDict({
          'sensor': ReadOnlyDict({
            'suggested_display_precision': 2,
          }),
        }),
        'original_name': 'Heating yearly electrical consumption',
        'platform': 'daikin_onecta',
        'translation_key': 'heatingyearlyelectricalconsumption',
        'unique_id': '29e9a6af-0a8e-49ac-bc19-361c1347ba95_domesticHotWaterTank_electrical_heating_m_consumption',
      }),
      'state': dict({
        'attributes': ReadOnlyDict({
          <EntityStateAttribute.DEVICE_CLASS: 'device_class'>: 'energy',
          <EntityStateAttribute.ICON: 'icon'>: 'mdi:fire',
          <SensorEntityCapabilityAttribute.STATE_CLASS: 'state_class'>: <SensorStateClass.TOTAL_INCREASING: 'total_increasing'>,
          <EntityStateAttribute.UNIT_OF_MEASUREMENT: 'unit_of_measurement'>: <UnitOfEnergy.KILO_WATT_HOUR: 'kWh'>,
        }),
        'entity_id': 'sensor.climate_control_getr422_domestichotwatertank_heating_yearly_electrical_consumption',
        'state': '0.01',
      }),
    }),
    'sensor.climate_control_getr422_domestichotwatertank_on_off_mode': dict({
      'entry': dict({
        'area_id': None,
        'categories': dict({
        }),
        'config_subentry_id': None,
        'disabled_by': None,
        'entity_category': None,
        'entity_id': 'sensor.climate_control_getr422_domestichotwatertank_on_off_mode',
        'has_entity_name': True,
        'hidden_by': None,
        'icon': None,
        'labels': list([
        ]),
        'name': None,
        'next_name_part': <NextNamePart.DEVICE: 'device'>,
        'options': ReadOnlyDict({
        }),
        'original_name': 'On/Off mode',
        'platform': 'daikin_onecta',
        'translation_key': 'onoffmode',
        'unique_id': '29e9a6af-0a8e-49ac-bc19-361c1347ba95_domesticHotWaterTank_None_onOffMode',
      }),
      'state': dict({
        'attributes': ReadOnlyDict({
          <EntityStateAttribute.ICON: 'icon'>: 'mdi:toggle-switch-variant',
        }),
        'entity_id': 'sensor.climate_control_getr422_domestichotwatertank_on_off_mode',
        'state': 'off',
      }),
    }),
    'sensor.climate_control_getr422_domestichotwatertank_setpoint_mode': dict({
      'entry': dict({
        'area_id': None,
        'categories': dict({
        }),
        'config_subentry_id': None,
        'disabled_by': None,
        'entity_category': None,
        'entity_id': 'sensor.climate_control_getr422_domestichotwatertank_setpoint_mode',
        'has_entity_name': True,
        'hidden_by': None,
        'icon': None,
        'labels': list([
        ]),
        'name': None,
        'next_name_part': <NextNamePart.DEVICE: 'device'>,
        'options': ReadOnlyDict({
        }),
        'original_name': 'Setpoint mode',
        'platform': 'daikin_onecta',
        'translation_key': 'setpointmode',
        'unique_id': '29e9a6af-0a8e-49ac-bc19-361c1347ba95_domesticHotWaterTank_None_setpointMode',
      }),
      'state': dict({
        'attributes': ReadOnlyDict({
          <EntityStateAttribute.ICON: 'icon'>: 'mdi:alphabetical',
        }),
        'entity_id': 'sensor.climate_control_getr422_domestichotwatertank_setpoint_mode',
        'state': 'fixed',
      }),
    }),
    'sensor.climate_control_getr422_domestichotwatertank_tank_temperature': dict({
      'entry': dict({
        'area_id': None,
        'categories': dict({
        }),
        'config_subentry_id': None,
        'disabled_by': None,
        'entity_category': None,
        'entity_id': 'sensor.climate_control_getr422_domestichotwatertank_tank_temperature',
        'has_entity_name': True,
        'hidden_by': None,
        'icon': None,
        'labels': list([
        ]),
        'name': None,
        'next_name_part': <NextNamePart.DEVICE: 'device'>,
        'options': ReadOnlyDict({
          'sensor': ReadOnlyDict({
            'suggested_display_precision': 1,
          }),
        }),
        'original_name': 'Tank temperature',
        'platform': 'daikin_onecta',
        'translation_key': 'tanktemperature',
        'unique_id': '29e9a6af-0a8e-49ac-bc19-361c1347ba95_domesticHotWaterTank_sensoryData_tankTemperature',
      }),
      'state': dict({
        'attributes': ReadOnlyDict({
          <EntityStateAttribute.DEVICE_CLASS: 'device_class'>: 'temperature',
          <EntityStateAttribute.ICON: 'icon'>: 'mdi:bathtub-outline',
          <SensorEntityCapabilityAttribute.STATE_CLASS: 'state_class'>: <SensorStateClass.MEASUREMENT: 'measurement'>,
          <EntityStateAttribute.UNIT_OF_MEASUREMENT: 'unit_of_measurement'>: <UnitOfTemperature.CELSIUS: '°C'>,
        }),
        'entity_id': 'sensor.climate_control_getr422_domestichotwatertank_tank_temperature',
        'state': '60.6',
      }),
    }),
    'sensor.climate_control_getr422_gateway_ip_address': dict({
      'entry': dict({
        'area_id': None,
        'categories': dict({
        }),
        'config_subentry_id': None,
        'disabled_by': None,
        'entity_category': <EntityCategory.DIAGNOSTIC: 'diagnostic'>,
        'entity_id': 'sensor.climate_control_getr422_gateway_ip_address',
        'has_entity_name': True,
        'hidden_by': None,
        'icon': None,
        'labels': list([
        ]),
        'name': None,
        'next_name_part': <NextNamePart.DEVICE: 'device'>,
        'options': ReadOnlyDict({
        }),
        'original_name': 'IP address',
        'platform': 'daikin_onecta',
        'translation_key': 'ipaddress',
        'unique_id': '29e9a6af-0a8e-49ac-bc19-361c1347ba95_gateway_None_ipAddress',
      }),
      'state': dict({
        'attributes': ReadOnlyDict({
          <EntityStateAttribute.ICON: 'icon'>: 'mdi:ip-network',
        }),
        'entity_id': 'sensor.climate_control_getr422_gateway_ip_address',
        'state': '192.168.1.104',
      }),
    }),
    'sensor.climate_control_getr422_gateway_ratelimit_remaining_day': dict({
      'entry': dict({
        'area_id': None,
        'categories': dict({
        }),
        'config_subentry_id': None,
        'disabled_by': None,
        'entity_category': <EntityCategory.DIAGNOSTIC: 'diagnostic'>,
        'entity_id': 'sensor.climate_control_getr422_gateway_ratelimit_remaining_day',
        'has_entity_name': True,
        'hidden_by': None,
        'icon': None,
        'labels': list([
        ]),
        'name': None,
        'next_name_part': <NextNamePart.DEVICE: 'device'>,
        'options': ReadOnlyDict({
        }),
        'original_name': 'Ratelimit remaining day',
        'platform': 'daikin_onecta',
        'translation_key': 'ratelimitremainingday',
        'unique_id': '29e9a6af-0a8e-49ac-bc19-361c1347ba95_limitsensor_remaining_day',
      }),
      'state': dict({
        'attributes': ReadOnlyDict({
          <EntityStateAttribute.ICON: 'icon'>: 'mdi:information-outline',
          <SensorEntityCapabilityAttribute.STATE_CLASS: 'state_class'>: <SensorStateClass.MEASUREMENT: 'measurement'>,
        }),
        'entity_id': 'sensor.climate_control_getr422_gateway_ratelimit_remaining_day',
        'state': '0',
      }),
    }),
    'sensor.climate_control_getr422_userinterface_sgtin': dict({
      'entry': dict({
        'area_id': None,
        'categories': dict({
        }),
        'config_subentry_id': None,
        'disabled_by': None,
        'entity_category': None,
        'entity_id': 'sensor.climate_control_getr422_userinterface_sgtin',
        'has_entity_name': True,
        'hidden_by': None,
        'icon': None,
        'labels': list([
        ]),
        'name': None,
        'next_name_part': <NextNamePart.DEVICE: 'device'>,
        'options': ReadOnlyDict({
        }),
        'original_name': 'SGTIN',
        'platform': 'daikin_onecta',
        'translation_key': 'sgtin',
        'unique_id': '29e9a6af-0a8e-49ac-bc19-361c1347ba95_userInterface_None_sgtin',
      }),
      'state': dict({
        'attributes': ReadOnlyDict({
          <EntityStateAttribute.ICON: 'icon'>: 'mdi:information-outline',
        }),
        'entity_id': 'sensor.climate_control_getr422_userinterface_sgtin',
        'state': '30F54A78620000BA77FA6750',
      }),
    }),
    'update.climate_control_getr422_gateway_firmware_update': dict({
      'entry': dict({
        'area_id': None,
        'categories': dict({
        }),
        'config_subentry_id': None,
        'disabled_by': None,
        'entity_category': <EntityCategory.DIAGNOSTIC: 'diagnostic'>,
        'entity_id': 'update.climate_control_getr422_gateway_firmware_update',
        'has_entity_name': True,
        'hidden_by': None,
        'icon': None,
        'labels': list([
        ]),
        'name': None,
        'next_name_part': <NextNamePart.DEVICE: 'device'>,
        'options': ReadOnlyDict({
        }),
        'original_name': 'Firmware update',
        'platform': 'daikin_onecta',
        'translation_key': 'firmwareupdate',
        'unique_id': '29e9a6af-0a8e-49ac-bc19-361c1347ba95_gateway_firmware',
      }),
      'state': dict({
        'attributes': ReadOnlyDict({
          <UpdateEntityStateAttribute.AUTO_UPDATE: 'auto_update'>: False,
          <EntityStateAttribute.DEVICE_CLASS: 'device_class'>: 'firmware',
          <UpdateEntityStateAttribute.DISPLAY_PRECISION: 'display_precision'>: 0,
          <EntityStateAttribute.ENTITY_PICTURE: 'entity_picture'>: '/api/brands/integration/daikin_onecta/icon.png',
          'firmware_update_type': 'optional',
          <EntityStateAttribute.ICON: 'icon'>: 'mdi:update',
          <UpdateEntityStateAttribute.IN_PROGRESS: 'in_progress'>: True,
          <UpdateEntityStateAttribute.INSTALLED_VERSION: 'installed_version'>: '4.0.1',
          <UpdateEntityStateAttribute.LATEST_VERSION: 'latest_version'>: '4.1.901',
          <UpdateEntityStateAttribute.RELEASE_SUMMARY: 'release_summary'>: 'Altherma WLAN update 4.1.901',
          <UpdateEntityStateAttribute.RELEASE_URL: 'release_url'>: None,
          <UpdateEntityStateAttribute.SKIPPED_VERSION: 'skipped_version'>: None,
          <EntityStateAttribute.SUPPORTED_FEATURES: 'supported_features'>: <UpdateEntityFeature.INSTALL|PROGRESS: 5>,
          <UpdateEntityStateAttribute.TITLE: 'title'>: None,
          <UpdateEntityStateAttribute.UPDATE_PERCENTAGE: 'update_percentage'>: None,
        }),
        'entity_id': 'update.climate_control_getr422_gateway_firmware_update',
        'state': 'on',
      }),
    }),
    'update.climate_control_getr422_indoorunithydro_firmware_update': dict({
      'entry': dict({
        'area_id': None,
        'categories': dict({
        }),
        'config_subentry_id': None,
        'disabled_by': None,
        'entity_category': <EntityCategory.DIAGNOSTIC: 'diagnostic'>,
        'entity_id': 'update.climate_control_getr422_indoorunithydro_firmware_update',
        'has_entity_name': True,
        'hidden_by': None,
        'icon': None,
        'labels': list([
        ]),
        'name': None,
        'next_name_part': <NextNamePart.DEVICE: 'device'>,
        'options': ReadOnlyDict({
        }),
        'original_name': 'Firmware update',
        'platform': 'daikin_onecta',
        'translation_key': 'firmwareupdate',
        'unique_id': '29e9a6af-0a8e-49ac-bc19-361c1347ba95_indoorUnitHydro_firmware',
      }),
      'state': dict({
        'attributes': ReadOnlyDict({
          <UpdateEntityStateAttribute.AUTO_UPDATE: 'auto_update'>: False,
          <EntityStateAttribute.DEVICE_CLASS: 'device_class'>: 'firmware',
          <UpdateEntityStateAttribute.DISPLAY_PRECISION: 'display_precision'>: 0,
          <EntityStateAttribute.ENTITY_PICTURE: 'entity_picture'>: '/api/brands/integration/daikin_onecta/icon.png',
          <EntityStateAttribute.ICON: 'icon'>: 'mdi:update',
          <UpdateEntityStateAttribute.IN_PROGRESS: 'in_progress'>: False,
          <UpdateEntityStateAttribute.INSTALLED_VERSION: 'installed_version'>: '000.000.014.12',
          <UpdateEntityStateAttribute.LATEST_VERSION: 'latest_version'>: '000.000.014.12',
          <UpdateEntityStateAttribute.RELEASE_SUMMARY: 'release_summary'>: None,
          <UpdateEntityStateAttribute.RELEASE_URL: 'release_url'>: None,
          <UpdateEntityStateAttribute.SKIPPED_VERSION: 'skipped_version'>: None,
          <EntityStateAttribute.SUPPORTED_FEATURES: 'supported_features'>: <UpdateEntityFeature.INSTALL: 1>,
          <UpdateEntityStateAttribute.TITLE: 'title'>: None,
          <UpdateEntityStateAttribute.UPDATE_PERCENTAGE: 'update_percentage'>: None,
        }),
        'entity_id': 'update.climate_control_getr422_indoorunithydro_firmware_update',
        'state': 'off',
      }),
    }),
    'update.climate_control_getr422_outdoorunit_firmware_update': dict({
      'entry': dict({
        'area_id': None,
        'categories': dict({
        }),
        'config_subentry_id': None,
        'disabled_by': None,
        'entity_category': <EntityCategory.DIAGNOSTIC: 'diagnostic'>,
        'entity_id': 'update.climate_control_getr422_outdoorunit_firmware_update',
        'has_entity_name': True,
        'hidden_by': None,
        'icon': None,
        'labels': list([
        ]),
        'name': None,
        'next_name_part': <NextNamePart.DEVICE: 'device'>,
        'options': ReadOnlyDict({
        }),
        'original_name': 'Firmware update',
        'platform': 'daikin_onecta',
        'translation_key': 'firmwareupdate',
        'unique_id': '29e9a6af-0a8e-49ac-bc19-361c1347ba95_outdoorUnit_firmware',
      }),
      'state': dict({
        'attributes': ReadOnlyDict({
          <UpdateEntityStateAttribute.AUTO_UPDATE: 'auto_update'>: False,
          <EntityStateAttribute.DEVICE_CLASS: 'device_class'>: 'firmware',
          <UpdateEntityStateAttribute.DISPLAY_PRECISION: 'display_precision'>: 0,
          <EntityStateAttribute.ENTITY_PICTURE: 'entity_picture'>: '/api/brands/integration/daikin_onecta/icon.png',
          <EntityStateAttribute.ICON: 'icon'>: 'mdi:update',
          <UpdateEntityStateAttribute.IN_PROGRESS: 'in_progress'>: False,
          <UpdateEntityStateAttribute.INSTALLED_VERSION: 'installed_version'>: '23017707',
          <UpdateEntityStateAttribute.LATEST_VERSION: 'latest_version'>: '23017707',
          <UpdateEntityStateAttribute.RELEASE_SUMMARY: 'release_summary'>: None,
          <UpdateEntityStateAttribute.RELEASE_URL: 'release_url'>: None,
          <UpdateEntityStateAttribute.SKIPPED_VERSION: 'skipped_version'>: None,
          <EntityStateAttribute.SUPPORTED_FEATURES: 'supported_features'>: <UpdateEntityFeature.INSTALL: 1>,
          <UpdateEntityStateAttribute.TITLE: 'title'>: None,
          <UpdateEntityStateAttribute.UPDATE_PERCENTAGE: 'update_percentage'>: None,
        }),
        'entity_id': 'update.climate_control_getr422_outdoorunit_firmware_update',
        'state': 'off',
      }),
    }),
    'update.climate_control_getr422_userinterface_firmware_update': dict({
      'entry': dict({
        'area_id': None,
        'categories': dict({
        }),
        'config_subentry_id': None,
        'disabled_by': None,
        'entity_category': <EntityCategory.DIAGNOSTIC: 'diagnostic'>,
        'entity_id': 'update.climate_control_getr422_userinterface_firmware_update',
        'has_entity_name': True,
        'hidden_by': None,
        'icon': None,
        'labels': list([
        ]),
        'name': None,
        'next_name_part': <NextNamePart.DEVICE: 'device'>,
        'options': ReadOnlyDict({
        }),
        'original_name': 'Firmware update',
        'platform': 'daikin_onecta',
        'translation_key': 'firmwareupdate',
        'unique_id': '29e9a6af-0a8e-49ac-bc19-361c1347ba95_userInterface_firmware',
      }),
      'state': dict({
        'attributes': ReadOnlyDict({
          <UpdateEntityStateAttribute.AUTO_UPDATE: 'auto_update'>: False,
          <EntityStateAttribute.DEVICE_CLASS: 'device_class'>: 'firmware',
          <UpdateEntityStateAttribute.DISPLAY_PRECISION: 'display_precision'>: 0,
          <EntityStateAttribute.ENTITY_PICTURE: 'entity_picture'>: '/api/brands/integration/daikin_onecta/icon.png',
          <EntityStateAttribute.ICON: 'icon'>: 'mdi:update',
          <UpdateEntityStateAttribute.IN_PROGRESS: 'in_progress'>: False,
          <UpdateEntityStateAttribute.INSTALLED_VERSION: 'installed_version'>: '3.12.1',
          <UpdateEntityStateAttribute.LATEST_VERSION: 'latest_version'>: '3.12.1',
          <UpdateEntityStateAttribute.RELEASE_SUMMARY: 'release_summary'>: None,
          <UpdateEntityStateAttribute.RELEASE_URL: 'release_url'>: None,
          <UpdateEntityStateAttribute.SKIPPED_VERSION: 'skipped_version'>: None,
          <EntityStateAttribute.SUPPORTED_FEATURES: 'supported_features'>: <UpdateEntityFeature.INSTALL: 1>,
          <UpdateEntityStateAttribute.TITLE: 'title'>: None,
          <UpdateEntityStateAttribute.UPDATE_PERCENTAGE: 'update_percentage'>: None,
        }),
        'entity_id': 'update.climate_control_getr422_userinterface_firmware_update',
        'state': 'off',
      }),
    }),
    'water_heater.climate_control_getr422': dict({
      'entry': dict({
        'area_id': None,
        'categories': dict({
        }),
        'config_subentry_id': None,
        'disabled_by': None,
        'entity_category': None,
        'entity_id': 'water_heater.climate_control_getr422',
        'has_entity_name': True,
        'hidden_by': None,
        'icon': None,
        'labels': list([
        ]),
        'name': None,
        'next_name_part': <NextNamePart.DEVICE: 'device'>,
        'options': ReadOnlyDict({
        }),
        'original_name': None,
        'platform': 'daikin_onecta',
        'translation_key': None,
        'unique_id': '29e9a6af-0a8e-49ac-bc19-361c1347ba95_domesticHotWaterTank',
      }),
      'state': dict({
        'attributes': ReadOnlyDict({
          <WaterHeaterStateAttribute.CURRENT_TEMPERATURE: 'current_temperature'>: 60.6,
          <WaterHeaterCapabilityAttribute.MAX_TEMP: 'max_temp'>: 65.0,
          <WaterHeaterCapabilityAttribute.MIN_TEMP: 'min_temp'>: 20.0,
          <WaterHeaterCapabilityAttribute.OPERATION_LIST: 'operation_list'>: list([
            'off',
            'heat_pump',
          ]),
          <WaterHeaterStateAttribute.OPERATION_MODE: 'operation_mode'>: 'off',
          <EntityStateAttribute.SUPPORTED_FEATURES: 'supported_features'>: <WaterHeaterEntityFeature.OPERATION_MODE|ON_OFF: 10>,
          <WaterHeaterStateAttribute.TARGET_TEMP_HIGH: 'target_temp_high'>: None,
          <WaterHeaterStateAttribute.TARGET_TEMP_LOW: 'target_temp_low'>: None,
          'target_temp_step': 0.5,
          <WaterHeaterStateAttribute.TARGET_TEMPERATURE: 'temperature'>: 20.0,
        }),
        'entity_id': 'water_heater.climate_control_getr422',
        'state': 'off',
      }),
    }),
  })
# ---
