# serializer version: 1
# name: test_gas[gas]
  dict({
    'binary_sensor.my_living_room_climatecontrol_is_holiday_mode_active': dict({
      'entry': dict({
        'area_id': None,
        'categories': dict({
        }),
        'config_subentry_id': None,
        'disabled_by': None,
        'entity_category': <EntityCategory.DIAGNOSTIC: 'diagnostic'>,
        'entity_id': 'binary_sensor.my_living_room_climatecontrol_is_holiday_mode_active',
        'has_entity_name': True,
        'hidden_by': None,
        'icon': None,
        'labels': list([
        ]),
        'name': None,
        'next_name_part': <NextNamePart.DEVICE: 'device'>,
        'options': ReadOnlyDict({
        }),
        'original_name': 'Is holiday mode active',
        'platform': 'daikin_onecta',
        'translation_key': 'isholidaymodeactive',
        'unique_id': '7edb544e-2c53-405b-98bc-3d9392f4d1f9_1_None_isHolidayModeActive',
      }),
      'state': dict({
        'attributes': ReadOnlyDict({
          <EntityStateAttribute.ICON: 'icon'>: 'mdi:information-outline',
        }),
        'entity_id': 'binary_sensor.my_living_room_climatecontrol_is_holiday_mode_active',
        'state': 'on',
      }),
    }),
    'binary_sensor.my_living_room_climatecontrol_is_powerful_mode_active': dict({
      'entry': dict({
        'area_id': None,
        'categories': dict({
        }),
        'config_subentry_id': None,
        'disabled_by': None,
        'entity_category': <EntityCategory.DIAGNOSTIC: 'diagnostic'>,
        'entity_id': 'binary_sensor.my_living_room_climatecontrol_is_powerful_mode_active',
        'has_entity_name': True,
        'hidden_by': None,
        'icon': None,
        'labels': list([
        ]),
        'name': None,
        'next_name_part': <NextNamePart.DEVICE: 'device'>,
        'options': ReadOnlyDict({
        }),
        'original_name': 'Is powerful mode active',
        'platform': 'daikin_onecta',
        'translation_key': 'ispowerfulmodeactive',
        'unique_id': '7edb544e-2c53-405b-98bc-3d9392f4d1f9_1_None_isPowerfulModeActive',
      }),
      'state': dict({
        'attributes': ReadOnlyDict({
          <EntityStateAttribute.ICON: 'icon'>: 'mdi:information-outline',
        }),
        'entity_id': 'binary_sensor.my_living_room_climatecontrol_is_powerful_mode_active',
        'state': 'on',
      }),
    }),
    'button.my_living_room_refresh': dict({
      'entry': dict({
        'area_id': None,
        'categories': dict({
        }),
        'config_subentry_id': None,
        'disabled_by': None,
        'entity_category': <EntityCategory.CONFIG: 'config'>,
        'entity_id': 'button.my_living_room_refresh',
        'has_entity_name': True,
        'hidden_by': None,
        'icon': None,
        'labels': list([
        ]),
        'name': None,
        'next_name_part': <NextNamePart.DEVICE: 'device'>,
        'options': ReadOnlyDict({
        }),
        'original_name': 'Refresh',
        'platform': 'daikin_onecta',
        'translation_key': None,
        'unique_id': '7edb544e-2c53-405b-98bc-3d9392f4d1f9_refresh',
      }),
      'state': dict({
        'attributes': ReadOnlyDict({
          <EntityStateAttribute.ICON: 'icon'>: 'mdi:refresh',
        }),
        'entity_id': 'button.my_living_room_refresh',
        'state': 'unknown',
      }),
    }),
    'climate.my_living_room_calculated_leaving_water_temperature': dict({
      'entry': dict({
        'area_id': None,
        'categories': dict({
        }),
        'config_subentry_id': None,
        'disabled_by': None,
        'entity_category': None,
        'entity_id': 'climate.my_living_room_calculated_leaving_water_temperature',
        'has_entity_name': True,
        'hidden_by': None,
        'icon': None,
        'labels': list([
        ]),
        'name': None,
        'next_name_part': <NextNamePart.DEVICE: 'device'>,
        'options': ReadOnlyDict({
        }),
        'original_name': 'Calculated Leaving Water Temperature',
        'platform': 'daikin_onecta',
        'translation_key': 'calculatedleavingwatertemperature',
        'unique_id': '7edb544e-2c53-405b-98bc-3d9392f4d1f9_1_calculatedLeavingWaterTemperature',
      }),
      'state': dict({
        'attributes': ReadOnlyDict({
          <ClimateEntityStateAttribute.CURRENT_TEMPERATURE: 'current_temperature'>: None,
          <ClimateEntityCapabilityAttribute.HVAC_MODES: 'hvac_modes'>: list([
            <HVACMode.OFF: 'off'>,
            <HVACMode.HEAT: 'heat'>,
            <HVACMode.COOL: 'cool'>,
            <HVACMode.HEAT_COOL: 'heat_cool'>,
          ]),
          <ClimateEntityCapabilityAttribute.MAX_TEMP: 'max_temp'>: 65,
          <ClimateEntityCapabilityAttribute.MIN_TEMP: 'min_temp'>: 10,
          <ClimateEntityStateAttribute.PRESET_MODE: 'preset_mode'>: 'boost',
          <ClimateEntityCapabilityAttribute.PRESET_MODES: 'preset_modes'>: list([
            'away',
            'boost',
            'none',
          ]),
          <EntityStateAttribute.SUPPORTED_FEATURES: 'supported_features'>: <ClimateEntityFeature.PRESET_MODE|TURN_OFF|TURN_ON: 400>,
        }),
        'entity_id': 'climate.my_living_room_calculated_leaving_water_temperature',
        'state': 'heat',
      }),
    }),
    'climate.my_living_room_leaving_water_temperature': dict({
      'entry': dict({
        'area_id': None,
        'categories': dict({
        }),
        'config_subentry_id': None,
        'disabled_by': None,
        'entity_category': None,
        'entity_id': 'climate.my_living_room_leaving_water_temperature',
        'has_entity_name': True,
        'hidden_by': None,
        'icon': None,
        'labels': list([
        ]),
        'name': None,
        'next_name_part': <NextNamePart.DEVICE: 'device'>,
        'options': ReadOnlyDict({
        }),
        'original_name': 'Leaving Water Temperature',
        'platform': 'daikin_onecta',
        'translation_key': 'leavingwatertemperature',
        'unique_id': '7edb544e-2c53-405b-98bc-3d9392f4d1f9_1_leavingWaterTemperature',
      }),
      'state': dict({
        'attributes': ReadOnlyDict({
          <ClimateEntityStateAttribute.CURRENT_TEMPERATURE: 'current_temperature'>: 12,
          <ClimateEntityCapabilityAttribute.HVAC_MODES: 'hvac_modes'>: list([
            <HVACMode.OFF: 'off'>,
            <HVACMode.HEAT: 'heat'>,
            <HVACMode.COOL: 'cool'>,
            <HVACMode.HEAT_COOL: 'heat_cool'>,
          ]),
          <ClimateEntityCapabilityAttribute.MAX_TEMP: 'max_temp'>: 30,
          <ClimateEntityCapabilityAttribute.MIN_TEMP: 'min_temp'>: 20,
          <ClimateEntityStateAttribute.PRESET_MODE: 'preset_mode'>: 'boost',
          <ClimateEntityCapabilityAttribute.PRESET_MODES: 'preset_modes'>: list([
            'away',
            'boost',
            'none',
          ]),
          <EntityStateAttribute.SUPPORTED_FEATURES: 'supported_features'>: <ClimateEntityFeature.PRESET_MODE|TURN_OFF|TURN_ON: 400>,
        }),
        'entity_id': 'climate.my_living_room_leaving_water_temperature',
        'state': 'heat',
      }),
    }),
    'climate.my_living_room_room_temperature': dict({
      'entry': dict({
        'area_id': None,
        'categories': dict({
        }),
        'config_subentry_id': None,
        'disabled_by': None,
        'entity_category': None,
        'entity_id': 'climate.my_living_room_room_temperature',
        'has_entity_name': True,
        'hidden_by': None,
        'icon': None,
        'labels': list([
        ]),
        'name': None,
        'next_name_part': <NextNamePart.DEVICE: 'device'>,
        'options': ReadOnlyDict({
        }),
        'original_name': 'Room Temperature',
        'platform': 'daikin_onecta',
        'translation_key': 'roomtemperature',
        'unique_id': '7edb544e-2c53-405b-98bc-3d9392f4d1f9_1_roomTemperature',
      }),
      'state': dict({
        'attributes': ReadOnlyDict({
          <ClimateEntityStateAttribute.CURRENT_TEMPERATURE: 'current_temperature'>: 20,
          <ClimateEntityCapabilityAttribute.HVAC_MODES: 'hvac_modes'>: list([
            <HVACMode.OFF: 'off'>,
            <HVACMode.HEAT: 'heat'>,
            <HVACMode.COOL: 'cool'>,
            <HVACMode.HEAT_COOL: 'heat_cool'>,
          ]),
          <ClimateEntityCapabilityAttribute.MAX_TEMP: 'max_temp'>: 30,
          <ClimateEntityCapabilityAttribute.MIN_TEMP: 'min_temp'>: 20,
          <ClimateEntityStateAttribute.PRESET_MODE: 'preset_mode'>: 'boost',
          <ClimateEntityCapabilityAttribute.PRESET_MODES: 'preset_modes'>: list([
            'away',
            'boost',
            'none',
          ]),
          <EntityStateAttribute.SUPPORTED_FEATURES: 'supported_features'>: <ClimateEntityFeature.TARGET_TEMPERATURE|PRESET_MODE|TURN_OFF|TURN_ON: 401>,
          <ClimateEntityStateAttribute.TARGET_TEMPERATURE: 'temperature'>: 25,
        }),
        'entity_id': 'climate.my_living_room_room_temperature',
        'state': 'heat',
      }),
    }),
    'select.my_living_room_climatecontrol_schedule': dict({
      'entry': dict({
        'area_id': None,
        'categories': dict({
        }),
        'config_subentry_id': None,
        'disabled_by': None,
        'entity_category': None,
        'entity_id': 'select.my_living_room_climatecontrol_schedule',
        'has_entity_name': True,
        'hidden_by': None,
        'icon': None,
        'labels': list([
        ]),
        'name': None,
        'next_name_part': <NextNamePart.DEVICE: 'device'>,
        'options': ReadOnlyDict({
        }),
        'original_name': 'Schedule',
        'platform': 'daikin_onecta',
        'translation_key': 'schedule',
        'unique_id': '7edb544e-2c53-405b-98bc-3d9392f4d1f9_1_schedule',
      }),
      'state': dict({
        'attributes': ReadOnlyDict({
          <EntityStateAttribute.ICON: 'icon'>: 'mdi:calendar-clock',
          <SelectEntityCapabilityAttribute.OPTIONS: 'options'>: list([
            'althermaClimateControl0',
            'althermaClimateControl1',
            'althermaClimateControl2',
          ]),
        }),
        'entity_id': 'select.my_living_room_climatecontrol_schedule',
        'state': 'unknown',
      }),
    }),
    'sensor.my_living_room_climatecontrol_control_mode': dict({
      'entry': dict({
        'area_id': None,
        'categories': dict({
        }),
        'config_subentry_id': None,
        'disabled_by': None,
        'entity_category': None,
        'entity_id': 'sensor.my_living_room_climatecontrol_control_mode',
        'has_entity_name': True,
        'hidden_by': None,
        'icon': None,
        'labels': list([
        ]),
        'name': None,
        'next_name_part': <NextNamePart.DEVICE: 'device'>,
        'options': ReadOnlyDict({
        }),
        'original_name': 'Control mode',
        'platform': 'daikin_onecta',
        'translation_key': 'controlmode',
        'unique_id': '7edb544e-2c53-405b-98bc-3d9392f4d1f9_1_None_controlMode',
      }),
      'state': dict({
        'attributes': ReadOnlyDict({
          <EntityStateAttribute.ICON: 'icon'>: 'mdi:alphabetical',
        }),
        'entity_id': 'sensor.my_living_room_climatecontrol_control_mode',
        'state': 'roomTemperature',
      }),
    }),
    'sensor.my_living_room_climatecontrol_cooling_daily_electrical_consumption': dict({
      'entry': dict({
        'area_id': None,
        'categories': dict({
        }),
        'config_subentry_id': None,
        'disabled_by': None,
        'entity_category': None,
        'entity_id': 'sensor.my_living_room_climatecontrol_cooling_daily_electrical_consumption',
        'has_entity_name': True,
        'hidden_by': None,
        'icon': None,
        'labels': list([
        ]),
        'name': None,
        'next_name_part': <NextNamePart.DEVICE: 'device'>,
        'options': ReadOnlyDict({
          'sensor': ReadOnlyDict({
            'suggested_display_precision': 2,
          }),
        }),
        'original_name': 'Cooling daily electrical consumption',
        'platform': 'daikin_onecta',
        'translation_key': 'coolingdailyelectricalconsumption',
        'unique_id': '7edb544e-2c53-405b-98bc-3d9392f4d1f9_1_electrical_cooling_d_consumption',
      }),
      'state': dict({
        'attributes': ReadOnlyDict({
          <EntityStateAttribute.DEVICE_CLASS: 'device_class'>: 'energy',
          <EntityStateAttribute.ICON: 'icon'>: 'mdi:snowflake',
          <SensorEntityCapabilityAttribute.STATE_CLASS: 'state_class'>: <SensorStateClass.TOTAL_INCREASING: 'total_increasing'>,
          <EntityStateAttribute.UNIT_OF_MEASUREMENT: 'unit_of_measurement'>: <UnitOfEnergy.KILO_WATT_HOUR: 'kWh'>,
        }),
        'entity_id': 'sensor.my_living_room_climatecontrol_cooling_daily_electrical_consumption',
        'state': '26',
      }),
    }),
    'sensor.my_living_room_climatecontrol_cooling_daily_gas_consumption': dict({
      'entry': dict({
        'area_id': None,
        'categories': dict({
        }),
        'config_subentry_id': None,
        'disabled_by': None,
        'entity_category': None,
        'entity_id': 'sensor.my_living_room_climatecontrol_cooling_daily_gas_consumption',
        'has_entity_name': True,
        'hidden_by': None,
        'icon': None,
        'labels': list([
        ]),
        'name': None,
        'next_name_part': <NextNamePart.DEVICE: 'device'>,
        'options': ReadOnlyDict({
          'sensor': ReadOnlyDict({
            'suggested_display_precision': 2,
          }),
        }),
        'original_name': 'Cooling daily gas consumption',
        'platform': 'daikin_onecta',
        'translation_key': 'coolingdailygasconsumption',
        'unique_id': '7edb544e-2c53-405b-98bc-3d9392f4d1f9_1_gas_cooling_d_consumption',
      }),
      'state': dict({
        'attributes': ReadOnlyDict({
          <EntityStateAttribute.DEVICE_CLASS: 'device_class'>: 'energy',
          <EntityStateAttribute.ICON: 'icon'>: 'mdi:snowflake',
          <SensorEntityCapabilityAttribute.STATE_CLASS: 'state_class'>: <SensorStateClass.TOTAL_INCREASING: 'total_increasing'>,
          <EntityStateAttribute.UNIT_OF_MEASUREMENT: 'unit_of_measurement'>: <UnitOfEnergy.KILO_WATT_HOUR: 'kWh'>,
        }),
        'entity_id': 'sensor.my_living_room_climatecontrol_cooling_daily_gas_consumption',
        'state': '26',
      }),
    }),
    'sensor.my_living_room_climatecontrol_cooling_monthly_electrical_consumption': dict({
      'entry': dict({
        'area_id': None,
        'categories': dict({
        }),
        'config_subentry_id': None,
        'disabled_by': None,
        'entity_category': None,
        'entity_id': 'sensor.my_living_room_climatecontrol_cooling_monthly_electrical_consumption',
        'has_entity_name': True,
        'hidden_by': None,
        'icon': None,
        'labels': list([
        ]),
        'name': None,
        'next_name_part': <NextNamePart.DEVICE: 'device'>,
        'options': ReadOnlyDict({
          'sensor': ReadOnlyDict({
            'suggested_display_precision': 2,
          }),
        }),
        'original_name': 'Cooling monthly electrical consumption',
        'platform': 'daikin_onecta',
        'translation_key': 'coolingmonthlyelectricalconsumption',
        'unique_id': '7edb544e-2c53-405b-98bc-3d9392f4d1f9_1_electrical_cooling_monthly_consumption',
      }),
      'state': dict({
        'attributes': ReadOnlyDict({
          <EntityStateAttribute.DEVICE_CLASS: 'device_class'>: 'energy',
          <EntityStateAttribute.ICON: 'icon'>: 'mdi:snowflake',
          <SensorEntityCapabilityAttribute.STATE_CLASS: 'state_class'>: <SensorStateClass.TOTAL_INCREASING: 'total_increasing'>,
          <EntityStateAttribute.UNIT_OF_MEASUREMENT: 'unit_of_measurement'>: <UnitOfEnergy.KILO_WATT_HOUR: 'kWh'>,
        }),
        'entity_id': 'sensor.my_living_room_climatecontrol_cooling_monthly_electrical_consumption',
        'state': '0',
      }),
    }),
    'sensor.my_living_room_climatecontrol_cooling_monthly_gas_consumption': dict({
      'entry': dict({
        'area_id': None,
        'categories': dict({
        }),
        'config_subentry_id': None,
        'disabled_by': None,
        'entity_category': None,
        'entity_id': 'sensor.my_living_room_climatecontrol_cooling_monthly_gas_consumption',
        'has_entity_name': True,
        'hidden_by': None,
        'icon': None,
        'labels': list([
        ]),
        'name': None,
        'next_name_part': <NextNamePart.DEVICE: 'device'>,
        'options': ReadOnlyDict({
          'sensor': ReadOnlyDict({
            'suggested_display_precision': 2,
          }),
        }),
        'original_name': 'Cooling monthly gas consumption',
        'platform': 'daikin_onecta',
        'translation_key': 'coolingmonthlygasconsumption',
        'unique_id': '7edb544e-2c53-405b-98bc-3d9392f4d1f9_1_gas_cooling_monthly_consumption',
      }),
      'state': dict({
        'attributes': ReadOnlyDict({
          <EntityStateAttribute.DEVICE_CLASS: 'device_class'>: 'energy',
          <EntityStateAttribute.ICON: 'icon'>: 'mdi:snowflake',
          <SensorEntityCapabilityAttribute.STATE_CLASS: 'state_class'>: <SensorStateClass.TOTAL_INCREASING: 'total_increasing'>,
          <EntityStateAttribute.UNIT_OF_MEASUREMENT: 'unit_of_measurement'>: <UnitOfEnergy.KILO_WATT_HOUR: 'kWh'>,
        }),
        'entity_id': 'sensor.my_living_room_climatecontrol_cooling_monthly_gas_consumption',
        'state': '0',
      }),
    }),
    'sensor.my_living_room_climatecontrol_cooling_weekly_electrical_consumption': dict({
      'entry': dict({
        'area_id': None,
        'categories': dict({
        }),
        'config_subentry_id': None,
        'disabled_by': None,
        'entity_category': None,
        'entity_id': 'sensor.my_living_room_climatecontrol_cooling_weekly_electrical_consumption',
        'has_entity_name': True,
        'hidden_by': None,
        'icon': None,
        'labels': list([
        ]),
        'name': None,
        'next_name_part': <NextNamePart.DEVICE: 'device'>,
        'options': ReadOnlyDict({
          'sensor': ReadOnlyDict({
            'suggested_display_precision': 2,
          }),
        }),
        'original_name': 'Cooling weekly electrical consumption',
        'platform': 'daikin_onecta',
        'translation_key': 'coolingweeklyelectricalconsumption',
        'unique_id': '7edb544e-2c53-405b-98bc-3d9392f4d1f9_1_electrical_cooling_w_consumption',
      }),
      'state': dict({
        'attributes': ReadOnlyDict({
          <EntityStateAttribute.DEVICE_CLASS: 'device_class'>: 'energy',
          <EntityStateAttribute.ICON: 'icon'>: 'mdi:snowflake',
          <SensorEntityCapabilityAttribute.STATE_CLASS: 'state_class'>: <SensorStateClass.TOTAL_INCREASING: 'total_increasing'>,
          <EntityStateAttribute.UNIT_OF_MEASUREMENT: 'unit_of_measurement'>: <UnitOfEnergy.KILO_WATT_HOUR: 'kWh'>,
        }),
        'entity_id': 'sensor.my_living_room_climatecontrol_cooling_weekly_electrical_consumption',
        'state': '260',
      }),
    }),
    'sensor.my_living_room_climatecontrol_cooling_weekly_gas_consumption': dict({
      'entry': dict({
        'area_id': None,
        'categories': dict({
        }),
        'config_subentry_id': None,
        'disabled_by': None,
        'entity_category': None,
        'entity_id': 'sensor.my_living_room_climatecontrol_cooling_weekly_gas_consumption',
        'has_entity_name': True,
        'hidden_by': None,
        'icon': None,
        'labels': list([
        ]),
        'name': None,
        'next_name_part': <NextNamePart.DEVICE: 'device'>,
        'options': ReadOnlyDict({
          'sensor': ReadOnlyDict({
            'suggested_display_precision': 2,
          }),
        }),
        'original_name': 'Cooling weekly gas consumption',
        'platform': 'daikin_onecta',
        'translation_key': 'coolingweeklygasconsumption',
        'unique_id': '7edb544e-2c53-405b-98bc-3d9392f4d1f9_1_gas_cooling_w_consumption',
      }),
      'state': dict({
        'attributes': ReadOnlyDict({
          <EntityStateAttribute.DEVICE_CLASS: 'device_class'>: 'energy',
          <EntityStateAttribute.ICON: 'icon'>: 'mdi:snowflake',
          <SensorEntityCapabilityAttribute.STATE_CLASS: 'state_class'>: <SensorStateClass.TOTAL_INCREASING: 'total_increasing'>,
          <EntityStateAttribute.UNIT_OF_MEASUREMENT: 'unit_of_measurement'>: <UnitOfEnergy.KILO_WATT_HOUR: 'kWh'>,
        }),
        'entity_id': 'sensor.my_living_room_climatecontrol_cooling_weekly_gas_consumption',
        'state': '260',
      }),
    }),
    'sensor.my_living_room_climatecontrol_cooling_yearly_electrical_consumption': dict({
      'entry': dict({
        'area_id': None,
        'categories': dict({
        }),
        'config_subentry_id': None,
        'disabled_by': None,
        'entity_category': None,
        'entity_id': 'sensor.my_living_room_climatecontrol_cooling_yearly_electrical_consumption',
        'has_entity_name': True,
        'hidden_by': None,
        'icon': None,
        'labels': list([
        ]),
        'name': None,
        'next_name_part': <NextNamePart.DEVICE: 'device'>,
        'options': ReadOnlyDict({
          'sensor': ReadOnlyDict({
            'suggested_display_precision': 2,
          }),
        }),
        'original_name': 'Cooling yearly electrical consumption',
        'platform': 'daikin_onecta',
        'translation_key': 'coolingyearlyelectricalconsumption',
        'unique_id': '7edb544e-2c53-405b-98bc-3d9392f4d1f9_1_electrical_cooling_m_consumption',
      }),
      'state': dict({
        'attributes': ReadOnlyDict({
          <EntityStateAttribute.DEVICE_CLASS: 'device_class'>: 'energy',
          <EntityStateAttribute.ICON: 'icon'>: 'mdi:snowflake',
          <SensorEntityCapabilityAttribute.STATE_CLASS: 'state_class'>: <SensorStateClass.TOTAL_INCREASING: 'total_increasing'>,
          <EntityStateAttribute.UNIT_OF_MEASUREMENT: 'unit_of_measurement'>: <UnitOfEnergy.KILO_WATT_HOUR: 'kWh'>,
        }),
        'entity_id': 'sensor.my_living_room_climatecontrol_cooling_yearly_electrical_consumption',
        'state': '264',
      }),
    }),
    'sensor.my_living_room_climatecontrol_cooling_yearly_gas_consumption': dict({
      'entry': dict({
        'area_id': None,
        'categories': dict({
        }),
        'config_subentry_id': None,
        'disabled_by': None,
        'entity_category': None,
        'entity_id': 'sensor.my_living_room_climatecontrol_cooling_yearly_gas_consumption',
        'has_entity_name': True,
        'hidden_by': None,
        'icon': None,
        'labels': list([
        ]),
        'name': None,
        'next_name_part': <NextNamePart.DEVICE: 'device'>,
        'options': ReadOnlyDict({
          'sensor': ReadOnlyDict({
            'suggested_display_precision': 2,
          }),
        }),
        'original_name': 'Cooling yearly gas consumption',
        'platform': 'daikin_onecta',
        'translation_key': 'coolingyearlygasconsumption',
        'unique_id': '7edb544e-2c53-405b-98bc-3d9392f4d1f9_1_gas_cooling_m_consumption',
      }),
      'state': dict({
        'attributes': ReadOnlyDict({
          <EntityStateAttribute.DEVICE_CLASS: 'device_class'>: 'energy',
          <EntityStateAttribute.ICON: 'icon'>: 'mdi:snowflake',
          <SensorEntityCapabilityAttribute.STATE_CLASS: 'state_class'>: <SensorStateClass.TOTAL_INCREASING: 'total_increasing'>,
          <EntityStateAttribute.UNIT_OF_MEASUREMENT: 'unit_of_measurement'>: <UnitOfEnergy.KILO_WATT_HOUR: 'kWh'>,
        }),
        'entity_id': 'sensor.my_living_room_climatecontrol_cooling_yearly_gas_consumption',
        'state': '264',
      }),
    }),
    'sensor.my_living_room_climatecontrol_heat_up_mode': dict({
      'entry': dict({
        'area_id': None,
        'categories': dict({
        }),
        'config_subentry_id': None,
        'disabled_by': None,
        'entity_category': None,
        'entity_id': 'sensor.my_living_room_climatecontrol_heat_up_mode',
        'has_entity_name': True,
        'hidden_by': None,
        'icon': None,
        'labels': list([
        ]),
        'name': None,
        'next_name_part': <NextNamePart.DEVICE: 'device'>,
        'options': ReadOnlyDict({
        }),
        'original_name': 'Heat up mode',
        'platform': 'daikin_onecta',
        'translation_key': 'heatupmode',
        'unique_id': '7edb544e-2c53-405b-98bc-3d9392f4d1f9_1_None_heatupMode',
      }),
      'state': dict({
        'attributes': ReadOnlyDict({
          <EntityStateAttribute.ICON: 'icon'>: 'mdi:alphabetical',
        }),
        'entity_id': 'sensor.my_living_room_climatecontrol_heat_up_mode',
        'state': 'reheatOnly',
      }),
    }),
    'sensor.my_living_room_climatecontrol_heating_daily_electrical_consumption': dict({
      'entry': dict({
        'area_id': None,
        'categories': dict({
        }),
        'config_subentry_id': None,
        'disabled_by': None,
        'entity_category': None,
        'entity_id': 'sensor.my_living_room_climatecontrol_heating_daily_electrical_consumption',
        'has_entity_name': True,
        'hidden_by': None,
        'icon': None,
        'labels': list([
        ]),
        'name': None,
        'next_name_part': <NextNamePart.DEVICE: 'device'>,
        'options': ReadOnlyDict({
          'sensor': ReadOnlyDict({
            'suggested_display_precision': 2,
          }),
        }),
        'original_name': 'Heating daily electrical consumption',
        'platform': 'daikin_onecta',
        'translation_key': 'heatingdailyelectricalconsumption',
        'unique_id': '7edb544e-2c53-405b-98bc-3d9392f4d1f9_1_electrical_heating_d_consumption',
      }),
      'state': dict({
        'attributes': ReadOnlyDict({
          <EntityStateAttribute.DEVICE_CLASS: 'device_class'>: 'energy',
          <EntityStateAttribute.ICON: 'icon'>: 'mdi:fire',
          <SensorEntityCapabilityAttribute.STATE_CLASS: 'state_class'>: <SensorStateClass.TOTAL_INCREASING: 'total_increasing'>,
          <EntityStateAttribute.UNIT_OF_MEASUREMENT: 'unit_of_measurement'>: <UnitOfEnergy.KILO_WATT_HOUR: 'kWh'>,
        }),
        'entity_id': 'sensor.my_living_room_climatecontrol_heating_daily_electrical_consumption',
        'state': '26',
      }),
    }),
    'sensor.my_living_room_climatecontrol_heating_daily_gas_consumption': dict({
      'entry': dict({
        'area_id': None,
        'categories': dict({
        }),
        'config_subentry_id': None,
        'disabled_by': None,
        'entity_category': None,
        'entity_id': 'sensor.my_living_room_climatecontrol_heating_daily_gas_consumption',
        'has_entity_name': True,
        'hidden_by': None,
        'icon': None,
        'labels': list([
        ]),
        'name': None,
        'next_name_part': <NextNamePart.DEVICE: 'device'>,
        'options': ReadOnlyDict({
          'sensor': ReadOnlyDict({
            'suggested_display_precision': 2,
          }),
        }),
        'original_name': 'Heating daily gas consumption',
        'platform': 'daikin_onecta',
        'translation_key': 'heatingdailygasconsumption',
        'unique_id': '7edb544e-2c53-405b-98bc-3d9392f4d1f9_1_gas_heating_d_consumption',
      }),
      'state': dict({
        'attributes': ReadOnlyDict({
          <EntityStateAttribute.DEVICE_CLASS: 'device_class'>: 'energy',
          <EntityStateAttribute.ICON: 'icon'>: 'mdi:fire',
          <SensorEntityCapabilityAttribute.STATE_CLASS: 'state_class'>: <SensorStateClass.TOTAL_INCREASING: 'total_increasing'>,
          <EntityStateAttribute.UNIT_OF_MEASUREMENT: 'unit_of_measurement'>: <UnitOfEnergy.KILO_WATT_HOUR: 'kWh'>,
        }),
        'entity_id': 'sensor.my_living_room_climatecontrol_heating_daily_gas_consumption',
        'state': '26',
      }),
    }),
    'sensor.my_living_room_climatecontrol_heating_monthly_electrical_consumption': dict({
      'entry': dict({
        'area_id': None,
        'categories': dict({
        }),
        'config_subentry_id': None,
        'disabled_by': None,
        'entity_category': None,
        'entity_id': 'sensor.my_living_room_climatecontrol_heating_monthly_electrical_consumption',
        'has_entity_name': True,
        'hidden_by': None,
        'icon': None,
        'labels': list([
        ]),
        'name': None,
        'next_name_part': <NextNamePart.DEVICE: 'device'>,
        'options': ReadOnlyDict({
          'sensor': ReadOnlyDict({
            'suggested_display_precision': 2,
          }),
        }),
        'original_name': 'Heating monthly electrical consumption',
        'platform': 'daikin_onecta',
        'translation_key': 'heatingmonthlyelectricalconsumption',
        'unique_id': '7edb544e-2c53-405b-98bc-3d9392f4d1f9_1_electrical_heating_monthly_consumption',
      }),
      'state': dict({
        'attributes': ReadOnlyDict({
          <EntityStateAttribute.DEVICE_CLASS: 'device_class'>: 'energy',
          <EntityStateAttribute.ICON: 'icon'>: 'mdi:fire',
          <SensorEntityCapabilityAttribute.STATE_CLASS: 'state_class'>: <SensorStateClass.TOTAL_INCREASING: 'total_increasing'>,
          <EntityStateAttribute.UNIT_OF_MEASUREMENT: 'unit_of_measurement'>: <UnitOfEnergy.KILO_WATT_HOUR: 'kWh'>,
        }),
        'entity_id': 'sensor.my_living_room_climatecontrol_heating_monthly_electrical_consumption',
        'state': '0',
      }),
    }),
    'sensor.my_living_room_climatecontrol_heating_monthly_gas_consumption': dict({
      'entry': dict({
        'area_id': None,
        'categories': dict({
        }),
        'config_subentry_id': None,
        'disabled_by': None,
        'entity_category': None,
        'entity_id': 'sensor.my_living_room_climatecontrol_heating_monthly_gas_consumption',
        'has_entity_name': True,
        'hidden_by': None,
        'icon': None,
        'labels': list([
        ]),
        'name': None,
        'next_name_part': <NextNamePart.DEVICE: 'device'>,
        'options': ReadOnlyDict({
          'sensor': ReadOnlyDict({
            'suggested_display_precision': 2,
          }),
        }),
        'original_name': 'Heating monthly gas consumption',
        'platform': 'daikin_onecta',
        'translation_key': 'heatingmonthlygasconsumption',
        'unique_id': '7edb544e-2c53-405b-98bc-3d9392f4d1f9_1_gas_heating_monthly_consumption',
      }),
      'state': dict({
        'attributes': ReadOnlyDict({
          <EntityStateAttribute.DEVICE_CLASS: 'device_class'>: 'energy',
          <EntityStateAttribute.ICON: 'icon'>: 'mdi:fire',
          <SensorEntityCapabilityAttribute.STATE_CLASS: 'state_class'>: <SensorStateClass.TOTAL_INCREASING: 'total_increasing'>,
          <EntityStateAttribute.UNIT_OF_MEASUREMENT: 'unit_of_measurement'>: <UnitOfEnergy.KILO_WATT_HOUR: 'kWh'>,
        }),
        'entity_id': 'sensor.my_living_room_climatecontrol_heating_monthly_gas_consumption',
        'state': '0',
      }),
    }),
    'sensor.my_living_room_climatecontrol_heating_weekly_electrical_consumption': dict({
      'entry': dict({
        'area_id': None,
        'categories': dict({
        }),
        'config_subentry_id': None,
        'disabled_by': None,
        'entity_category': None,
        'entity_id': 'sensor.my_living_room_climatecontrol_heating_weekly_electrical_consumption',
        'has_entity_name': True,
        'hidden_by': None,
        'icon': None,
        'labels': list([
        ]),
        'name': None,
        'next_name_part': <NextNamePart.DEVICE: 'device'>,
        'options': ReadOnlyDict({
          'sensor': ReadOnlyDict({
            'suggested_display_precision': 2,
          }),
        }),
        'original_name': 'Heating weekly electrical consumption',
        'platform': 'daikin_onecta',
        'translation_key': 'heatingweeklyelectricalconsumption',
        'unique_id': '7edb544e-2c53-405b-98bc-3d9392f4d1f9_1_electrical_heating_w_consumption',
      }),
      'state': dict({
        'attributes': ReadOnlyDict({
          <EntityStateAttribute.DEVICE_CLASS: 'device_class'>: 'energy',
          <EntityStateAttribute.ICON: 'icon'>: 'mdi:fire',
          <SensorEntityCapabilityAttribute.STATE_CLASS: 'state_class'>: <SensorStateClass.TOTAL_INCREASING: 'total_increasing'>,
          <EntityStateAttribute.UNIT_OF_MEASUREMENT: 'unit_of_measurement'>: <UnitOfEnergy.KILO_WATT_HOUR: 'kWh'>,
        }),
        'entity_id': 'sensor.my_living_room_climatecontrol_heating_weekly_electrical_consumption',
        'state': '260',
      }),
    }),
    'sensor.my_living_room_climatecontrol_heating_weekly_gas_consumption': dict({
      'entry': dict({
        'area_id': None,
        'categories': dict({
        }),
        'config_subentry_id': None,
        'disabled_by': None,
        'entity_category': None,
        'entity_id': 'sensor.my_living_room_climatecontrol_heating_weekly_gas_consumption',
        'has_entity_name': True,
        'hidden_by': None,
        'icon': None,
        'labels': list([
        ]),
        'name': None,
        'next_name_part': <NextNamePart.DEVICE: 'device'>,
        'options': ReadOnlyDict({
          'sensor': ReadOnlyDict({
            'suggested_display_precision': 2,
          }),
        }),
        'original_name': 'Heating weekly gas consumption',
        'platform': 'daikin_onecta',
        'translation_key': 'heatingweeklygasconsumption',
        'unique_id': '7edb544e-2c53-405b-98bc-3d9392f4d1f9_1_gas_heating_w_consumption',
      }),
      'state': dict({
        'attributes': ReadOnlyDict({
          <EntityStateAttribute.DEVICE_CLASS: 'device_class'>: 'energy',
          <EntityStateAttribute.ICON: 'icon'>: 'mdi:fire',
          <SensorEntityCapabilityAttribute.STATE_CLASS: 'state_class'>: <SensorStateClass.TOTAL_INCREASING: 'total_increasing'>,
          <EntityStateAttribute.UNIT_OF_MEASUREMENT: 'unit_of_measurement'>: <UnitOfEnergy.KILO_WATT_HOUR: 'kWh'>,
        }),
        'entity_id': 'sensor.my_living_room_climatecontrol_heating_weekly_gas_consumption',
        'state': '260',
      }),
    }),
    'sensor.my_living_room_climatecontrol_heating_yearly_electrical_consumption': dict({
      'entry': dict({
        'area_id': None,
        'categories': dict({
        }),
        'config_subentry_id': None,
        'disabled_by': None,
        'entity_category': None,
        'entity_id': 'sensor.my_living_room_climatecontrol_heating_yearly_electrical_consumption',
        'has_entity_name': True,
        'hidden_by': None,
        'icon': None,
        'labels': list([
        ]),
        'name': None,
        'next_name_part': <NextNamePart.DEVICE: 'device'>,
        'options': ReadOnlyDict({
          'sensor': ReadOnlyDict({
            'suggested_display_precision': 2,
          }),
        }),
        'original_name': 'Heating yearly electrical consumption',
        'platform': 'daikin_onecta',
        'translation_key': 'heatingyearlyelectricalconsumption',
        'unique_id': '7edb544e-2c53-405b-98bc-3d9392f4d1f9_1_electrical_heating_m_consumption',
      }),
      'state': dict({
        'attributes': ReadOnlyDict({
          <EntityStateAttribute.DEVICE_CLASS: 'device_class'>: 'energy',
          <EntityStateAttribute.ICON: 'icon'>: 'mdi:fire',
          <SensorEntityCapabilityAttribute.STATE_CLASS: 'state_class'>: <SensorStateClass.TOTAL_INCREASING: 'total_increasing'>,
          <EntityStateAttribute.UNIT_OF_MEASUREMENT: 'unit_of_measurement'>: <UnitOfEnergy.KILO_WATT_HOUR: 'kWh'>,
        }),
        'entity_id': 'sensor.my_living_room_climatecontrol_heating_yearly_electrical_consumption',
        'state': '264',
      }),
    }),
    'sensor.my_living_room_climatecontrol_heating_yearly_gas_consumption': dict({
      'entry': dict({
        'area_id': None,
        'categories': dict({
        }),
        'config_subentry_id': None,
        'disabled_by': None,
        'entity_category': None,
        'entity_id': 'sensor.my_living_room_climatecontrol_heating_yearly_gas_consumption',
        'has_entity_name': True,
        'hidden_by': None,
        'icon': None,
        'labels': list([
        ]),
        'name': None,
        'next_name_part': <NextNamePart.DEVICE: 'device'>,
        'options': ReadOnlyDict({
          'sensor': ReadOnlyDict({
            'suggested_display_precision': 2,
          }),
        }),
        'original_name': 'Heating yearly gas consumption',
        'platform': 'daikin_onecta',
        'translation_key': 'heatingyearlygasconsumption',
        'unique_id': '7edb544e-2c53-405b-98bc-3d9392f4d1f9_1_gas_heating_m_consumption',
      }),
      'state': dict({
        'attributes': ReadOnlyDict({
          <EntityStateAttribute.DEVICE_CLASS: 'device_class'>: 'energy',
          <EntityStateAttribute.ICON: 'icon'>: 'mdi:fire',
          <SensorEntityCapabilityAttribute.STATE_CLASS: 'state_class'>: <SensorStateClass.TOTAL_INCREASING: 'total_increasing'>,
          <EntityStateAttribute.UNIT_OF_MEASUREMENT: 'unit_of_measurement'>: <UnitOfEnergy.KILO_WATT_HOUR: 'kWh'>,
        }),
        'entity_id': 'sensor.my_living_room_climatecontrol_heating_yearly_gas_consumption',
        'state': '264',
      }),
    }),
    'sensor.my_living_room_climatecontrol_leaving_water_temperature': dict({
      'entry': dict({
        'area_id': None,
        'categories': dict({
        }),
        'config_subentry_id': None,
        'disabled_by': None,
        'entity_category': None,
        'entity_id': 'sensor.my_living_room_climatecontrol_leaving_water_temperature',
        'has_entity_name': True,
        'hidden_by': None,
        'icon': None,
        'labels': list([
        ]),
        'name': None,
        'next_name_part': <NextNamePart.DEVICE: 'device'>,
        'options': ReadOnlyDict({
          'sensor': ReadOnlyDict({
            'suggested_display_precision': 1,
          }),
        }),
        'original_name': 'Leaving water temperature',
        'platform': 'daikin_onecta',
        'translation_key': 'leavingwatertemperature',
        'unique_id': '7edb544e-2c53-405b-98bc-3d9392f4d1f9_1_sensoryData_leavingWaterTemperature',
      }),
      'state': dict({
        'attributes': ReadOnlyDict({
          <EntityStateAttribute.DEVICE_CLASS: 'device_class'>: 'temperature',
          <EntityStateAttribute.ICON: 'icon'>: '',
          <SensorEntityCapabilityAttribute.STATE_CLASS: 'state_class'>: <SensorStateClass.MEASUREMENT: 'measurement'>,
          <EntityStateAttribute.UNIT_OF_MEASUREMENT: 'unit_of_measurement'>: <UnitOfTemperature.CELSIUS: '°C'>,
        }),
        'entity_id': 'sensor.my_living_room_climatecontrol_leaving_water_temperature',
        'state': '12',
      }),
    }),
    'sensor.my_living_room_climatecontrol_outdoor_temperature': dict({
      'entry': dict({
        'area_id': None,
        'categories': dict({
        }),
        'config_subentry_id': None,
        'disabled_by': None,
        'entity_category': None,
        'entity_id': 'sensor.my_living_room_climatecontrol_outdoor_temperature',
        'has_entity_name': True,
        'hidden_by': None,
        'icon': None,
        'labels': list([
        ]),
        'name': None,
        'next_name_part': <NextNamePart.DEVICE: 'device'>,
        'options': ReadOnlyDict({
          'sensor': ReadOnlyDict({
            'suggested_display_precision': 1,
          }),
        }),
        'original_name': 'Outdoor temperature',
        'platform': 'daikin_onecta',
        'translation_key': 'outdoortemperature',
        'unique_id': '7edb544e-2c53-405b-98bc-3d9392f4d1f9_1_sensoryData_outdoorTemperature',
      }),
      'state': dict({
        'attributes': ReadOnlyDict({
          <EntityStateAttribute.DEVICE_CLASS: 'device_class'>: 'temperature',
          <EntityStateAttribute.ICON: 'icon'>: '',
          <SensorEntityCapabilityAttribute.STATE_CLASS: 'state_class'>: <SensorStateClass.MEASUREMENT: 'measurement'>,
          <EntityStateAttribute.UNIT_OF_MEASUREMENT: 'unit_of_measurement'>: <UnitOfTemperature.CELSIUS: '°C'>,
        }),
        'entity_id': 'sensor.my_living_room_climatecontrol_outdoor_temperature',
        'state': '25',
      }),
    }),
    'sensor.my_living_room_climatecontrol_room_temperature': dict({
      'entry': dict({
        'area_id': None,
        'categories': dict({
        }),
        'config_subentry_id': None,
        'disabled_by': None,
        'entity_category': None,
        'entity_id': 'sensor.my_living_room_climatecontrol_room_temperature',
        'has_entity_name': True,
        'hidden_by': None,
        'icon': None,
        'labels': list([
        ]),
        'name': None,
        'next_name_part': <NextNamePart.DEVICE: 'device'>,
        'options': ReadOnlyDict({
          'sensor': ReadOnlyDict({
            'suggested_display_precision': 1,
          }),
        }),
        'original_name': 'Room temperature',
        'platform': 'daikin_onecta',
        'translation_key': 'roomtemperature',
        'unique_id': '7edb544e-2c53-405b-98bc-3d9392f4d1f9_1_sensoryData_roomTemperature',
      }),
      'state': dict({
        'attributes': ReadOnlyDict({
          <EntityStateAttribute.DEVICE_CLASS: 'device_class'>: 'temperature',
          <EntityStateAttribute.ICON: 'icon'>: '',
          <SensorEntityCapabilityAttribute.STATE_CLASS: 'state_class'>: <SensorStateClass.MEASUREMENT: 'measurement'>,
          <EntityStateAttribute.UNIT_OF_MEASUREMENT: 'unit_of_measurement'>: <UnitOfTemperature.CELSIUS: '°C'>,
        }),
        'entity_id': 'sensor.my_living_room_climatecontrol_room_temperature',
        'state': '20',
      }),
    }),
    'sensor.my_living_room_climatecontrol_setpoint_mode': dict({
      'entry': dict({
        'area_id': None,
        'categories': dict({
        }),
        'config_subentry_id': None,
        'disabled_by': None,
        'entity_category': None,
        'entity_id': 'sensor.my_living_room_climatecontrol_setpoint_mode',
        'has_entity_name': True,
        'hidden_by': None,
        'icon': None,
        'labels': list([
        ]),
        'name': None,
        'next_name_part': <NextNamePart.DEVICE: 'device'>,
        'options': ReadOnlyDict({
        }),
        'original_name': 'Setpoint mode',
        'platform': 'daikin_onecta',
        'translation_key': 'setpointmode',
        'unique_id': '7edb544e-2c53-405b-98bc-3d9392f4d1f9_1_None_setpointMode',
      }),
      'state': dict({
        'attributes': ReadOnlyDict({
          <EntityStateAttribute.ICON: 'icon'>: 'mdi:alphabetical',
        }),
        'entity_id': 'sensor.my_living_room_climatecontrol_setpoint_mode',
        'state': 'weatherDependent',
      }),
    }),
    'sensor.my_living_room_domestichotwatertank_tank_temperature': dict({
      'entry': dict({
        'area_id': None,
        'categories': dict({
        }),
        'config_subentry_id': None,
        'disabled_by': None,
        'entity_category': None,
        'entity_id': 'sensor.my_living_room_domestichotwatertank_tank_temperature',
        'has_entity_name': True,
        'hidden_by': None,
        'icon': None,
        'labels': list([
        ]),
        'name': None,
        'next_name_part': <NextNamePart.DEVICE: 'device'>,
        'options': ReadOnlyDict({
          'sensor': ReadOnlyDict({
            'suggested_display_precision': 1,
          }),
        }),
        'original_name': 'Tank temperature',
        'platform': 'daikin_onecta',
        'translation_key': 'tanktemperature',
        'unique_id': '7edb544e-2c53-405b-98bc-3d9392f4d1f9_2_sensoryData_tankTemperature',
      }),
      'state': dict({
        'attributes': ReadOnlyDict({
          <EntityStateAttribute.DEVICE_CLASS: 'device_class'>: 'temperature',
          <EntityStateAttribute.ICON: 'icon'>: 'mdi:bathtub-outline',
          <SensorEntityCapabilityAttribute.STATE_CLASS: 'state_class'>: <SensorStateClass.MEASUREMENT: 'measurement'>,
          <EntityStateAttribute.UNIT_OF_MEASUREMENT: 'unit_of_measurement'>: <UnitOfTemperature.CELSIUS: '°C'>,
        }),
        'entity_id': 'sensor.my_living_room_domestichotwatertank_tank_temperature',
        'state': '40',
      }),
    }),
    'sensor.my_living_room_gateway_ip_address': dict({
      'entry': dict({
        'area_id': None,
        'categories': dict({
        }),
        'config_subentry_id': None,
        'disabled_by': None,
        'entity_category': <EntityCategory.DIAGNOSTIC: 'diagnostic'>,
        'entity_id': 'sensor.my_living_room_gateway_ip_address',
        'has_entity_name': True,
        'hidden_by': None,
        'icon': None,
        'labels': list([
        ]),
        'name': None,
        'next_name_part': <NextNamePart.DEVICE: 'device'>,
        'options': ReadOnlyDict({
        }),
        'original_name': 'IP address',
        'platform': 'daikin_onecta',
        'translation_key': 'ipaddress',
        'unique_id': '7edb544e-2c53-405b-98bc-3d9392f4d1f9_0_None_ipAddress',
      }),
      'state': dict({
        'attributes': ReadOnlyDict({
          <EntityStateAttribute.ICON: 'icon'>: 'mdi:ip-network',
        }),
        'entity_id': 'sensor.my_living_room_gateway_ip_address',
        'state': '192.168.0.1',
      }),
    }),
    'sensor.my_living_room_gateway_ratelimit_remaining_day': dict({
      'entry': dict({
        'area_id': None,
        'categories': dict({
        }),
        'config_subentry_id': None,
        'disabled_by': None,
        'entity_category': <EntityCategory.DIAGNOSTIC: 'diagnostic'>,
        'entity_id': 'sensor.my_living_room_gateway_ratelimit_remaining_day',
        'has_entity_name': True,
        'hidden_by': None,
        'icon': None,
        'labels': list([
        ]),
        'name': None,
        'next_name_part': <NextNamePart.DEVICE: 'device'>,
        'options': ReadOnlyDict({
        }),
        'original_name': 'Ratelimit remaining day',
        'platform': 'daikin_onecta',
        'translation_key': 'ratelimitremainingday',
        'unique_id': '7edb544e-2c53-405b-98bc-3d9392f4d1f9_limitsensor_remaining_day',
      }),
      'state': dict({
        'attributes': ReadOnlyDict({
          <EntityStateAttribute.ICON: 'icon'>: 'mdi:information-outline',
          <SensorEntityCapabilityAttribute.STATE_CLASS: 'state_class'>: <SensorStateClass.MEASUREMENT: 'measurement'>,
        }),
        'entity_id': 'sensor.my_living_room_gateway_ratelimit_remaining_day',
        'state': '0',
      }),
    }),
    'update.my_living_room_gateway_firmware_update': dict({
      'entry': dict({
        'area_id': None,
        'categories': dict({
        }),
        'config_subentry_id': None,
        'disabled_by': None,
        'entity_category': <EntityCategory.DIAGNOSTIC: 'diagnostic'>,
        'entity_id': 'update.my_living_room_gateway_firmware_update',
        'has_entity_name': True,
        'hidden_by': None,
        'icon': None,
        'labels': list([
        ]),
        'name': None,
        'next_name_part': <NextNamePart.DEVICE: 'device'>,
        'options': ReadOnlyDict({
        }),
        'original_name': 'Firmware update',
        'platform': 'daikin_onecta',
        'translation_key': 'firmwareupdate',
        'unique_id': '7edb544e-2c53-405b-98bc-3d9392f4d1f9_0_firmware',
      }),
      'state': dict({
        'attributes': ReadOnlyDict({
          <UpdateEntityStateAttribute.AUTO_UPDATE: 'auto_update'>: False,
          <EntityStateAttribute.DEVICE_CLASS: 'device_class'>: 'firmware',
          <UpdateEntityStateAttribute.DISPLAY_PRECISION: 'display_precision'>: 0,
          <EntityStateAttribute.ENTITY_PICTURE: 'entity_picture'>: '/api/brands/integration/daikin_onecta/icon.png',
          'firmware_update_type': 'blocking',
          <EntityStateAttribute.ICON: 'icon'>: 'mdi:update',
          <UpdateEntityStateAttribute.IN_PROGRESS: 'in_progress'>: True,
          <UpdateEntityStateAttribute.INSTALLED_VERSION: 'installed_version'>: '436CC038000',
          <UpdateEntityStateAttribute.LATEST_VERSION: 'latest_version'>: '436CC038000',
          <UpdateEntityStateAttribute.RELEASE_SUMMARY: 'release_summary'>: 'Lorem ipsum',
          <UpdateEntityStateAttribute.RELEASE_URL: 'release_url'>: None,
          <UpdateEntityStateAttribute.SKIPPED_VERSION: 'skipped_version'>: None,
          <EntityStateAttribute.SUPPORTED_FEATURES: 'supported_features'>: <UpdateEntityFeature.INSTALL|PROGRESS: 5>,
          <UpdateEntityStateAttribute.TITLE: 'title'>: None,
          <UpdateEntityStateAttribute.UPDATE_PERCENTAGE: 'update_percentage'>: None,
        }),
        'entity_id': 'update.my_living_room_gateway_firmware_update',
        'state': 'off',
      }),
    }),
    'update.my_living_room_indoorunithydro_firmware_update': dict({
      'entry': dict({
        'area_id': None,
        'categories': dict({
        }),
        'config_subentry_id': None,
        'disabled_by': None,
        'entity_category': <EntityCategory.DIAGNOSTIC: 'diagnostic'>,
        'entity_id': 'update.my_living_room_indoorunithydro_firmware_update',
        'has_entity_name': True,
        'hidden_by': None,
        'icon': None,
        'labels': list([
        ]),
        'name': None,
        'next_name_part': <NextNamePart.DEVICE: 'device'>,
        'options': ReadOnlyDict({
        }),
        'original_name': 'Firmware update',
        'platform': 'daikin_onecta',
        'translation_key': 'firmwareupdate',
        'unique_id': '7edb544e-2c53-405b-98bc-3d9392f4d1f9_3_firmware',
      }),
      'state': dict({
        'attributes': ReadOnlyDict({
          <UpdateEntityStateAttribute.AUTO_UPDATE: 'auto_update'>: False,
          <EntityStateAttribute.DEVICE_CLASS: 'device_class'>: 'firmware',
          <UpdateEntityStateAttribute.DISPLAY_PRECISION: 'display_precision'>: 0,
          <EntityStateAttribute.ENTITY_PICTURE: 'entity_picture'>: '/api/brands/integration/daikin_onecta/icon.png',
          <EntityStateAttribute.ICON: 'icon'>: 'mdi:update',
          <UpdateEntityStateAttribute.IN_PROGRESS: 'in_progress'>: False,
          <UpdateEntityStateAttribute.INSTALLED_VERSION: 'installed_version'>: 'ID66F2',
          <UpdateEntityStateAttribute.LATEST_VERSION: 'latest_version'>: 'ID66F2',
          <UpdateEntityStateAttribute.RELEASE_SUMMARY: 'release_summary'>: None,
          <UpdateEntityStateAttribute.RELEASE_URL: 'release_url'>: None,
          <UpdateEntityStateAttribute.SKIPPED_VERSION: 'skipped_version'>: None,
          <EntityStateAttribute.SUPPORTED_FEATURES: 'supported_features'>: <UpdateEntityFeature.INSTALL: 1>,
          <UpdateEntityStateAttribute.TITLE: 'title'>: None,
          <UpdateEntityStateAttribute.UPDATE_PERCENTAGE: 'update_percentage'>: None,
        }),
        'entity_id': 'update.my_living_room_indoorunithydro_firmware_update',
        'state': 'off',
      }),
    }),
    'update.my_living_room_outdoorunit_firmware_update': dict({
      'entry': dict({
        'area_id': None,
        'categories': dict({
        }),
        'config_subentry_id': None,
        'disabled_by': None,
        'entity_category': <EntityCategory.DIAGNOSTIC: 'diagnostic'>,
        'entity_id': 'update.my_living_room_outdoorunit_firmware_update',
        'has_entity_name': True,
        'hidden_by': None,
        'icon': None,
        'labels': list([
        ]),
        'name': None,
        'next_name_part': <NextNamePart.DEVICE: 'device'>,
        'options': ReadOnlyDict({
        }),
        'original_name': 'Firmware update',
        'platform': 'daikin_onecta',
        'translation_key': 'firmwareupdate',
        'unique_id': '7edb544e-2c53-405b-98bc-3d9392f4d1f9_4_firmware',
      }),
      'state': dict({
        'attributes': ReadOnlyDict({
          <UpdateEntityStateAttribute.AUTO_UPDATE: 'auto_update'>: False,
          <EntityStateAttribute.DEVICE_CLASS: 'device_class'>: 'firmware',
          <UpdateEntityStateAttribute.DISPLAY_PRECISION: 'display_precision'>: 0,
          <EntityStateAttribute.ENTITY_PICTURE: 'entity_picture'>: '/api/brands/integration/daikin_onecta/icon.png',
          <EntityStateAttribute.ICON: 'icon'>: 'mdi:update',
          <UpdateEntityStateAttribute.IN_PROGRESS: 'in_progress'>: False,
          <UpdateEntityStateAttribute.INSTALLED_VERSION: 'installed_version'>: 'ID0000',
          <UpdateEntityStateAttribute.LATEST_VERSION: 'latest_version'>: 'ID0000',
          <UpdateEntityStateAttribute.RELEASE_SUMMARY: 'release_summary'>: None,
          <UpdateEntityStateAttribute.RELEASE_URL: 'release_url'>: None,
          <UpdateEntityStateAttribute.SKIPPED_VERSION: 'skipped_version'>: None,
          <EntityStateAttribute.SUPPORTED_FEATURES: 'supported_features'>: <UpdateEntityFeature.INSTALL: 1>,
          <UpdateEntityStateAttribute.TITLE: 'title'>: None,
          <UpdateEntityStateAttribute.UPDATE_PERCENTAGE: 'update_percentage'>: None,
        }),
        'entity_id': 'update.my_living_room_outdoorunit_firmware_update',
        'state': 'off',
      }),
    }),
    'water_heater.my_living_room': dict({
      'entry': dict({
        'area_id': None,
        'categories': dict({
        }),
        'config_subentry_id': None,
        'disabled_by': None,
        'entity_category': None,
        'entity_id': 'water_heater.my_living_room',
        'has_entity_name': True,
        'hidden_by': None,
        'icon': None,
        'labels': list([
        ]),
        'name': None,
        'next_name_part': <NextNamePart.DEVICE: 'device'>,
        'options': ReadOnlyDict({
        }),
        'original_name': None,
        'platform': 'daikin_onecta',
        'translation_key': None,
        'unique_id': '7edb544e-2c53-405b-98bc-3d9392f4d1f9_2',
      }),
      'state': dict({
        'attributes': ReadOnlyDict({
          <WaterHeaterStateAttribute.CURRENT_TEMPERATURE: 'current_temperature'>: 40.0,
          <WaterHeaterCapabilityAttribute.MAX_TEMP: 'max_temp'>: None,
          <WaterHeaterCapabilityAttribute.MIN_TEMP: 'min_temp'>: None,
          <WaterHeaterCapabilityAttribute.OPERATION_LIST: 'operation_list'>: list([
            'off',
            'heat_pump',
          ]),
          <WaterHeaterStateAttribute.OPERATION_MODE: 'operation_mode'>: 'off',
          <EntityStateAttribute.SUPPORTED_FEATURES: 'supported_features'>: <WaterHeaterEntityFeature.OPERATION_MODE|ON_OFF: 10>,
          <WaterHeaterStateAttribute.TARGET_TEMP_HIGH: 'target_temp_high'>: None,
          <WaterHeaterStateAttribute.TARGET_TEMP_LOW: 'target_temp_low'>: None,
          <WaterHeaterStateAttribute.TARGET_TEMPERATURE: 'temperature'>: None,
        }),
        'entity_id': 'water_heater.my_living_room',
        'state': 'off',
      }),
    }),
  })
# ---
