# serializer version: 1
# name: test_api_calendar
  list([
    dict({
      'entity_id': 'calendar.1234ab_1',
      'name': '1234AB 1',
    }),
  ])
# ---
# name: test_api_events
  list([
    dict({
      'description': None,
      'end': dict({
        'date': '2024-01-11',
      }),
      'location': None,
      'recurrence_id': None,
      'rrule': None,
      'start': dict({
        'date': '2024-01-10',
      }),
      'summary': 'Residual waste pickup',
      'uid': None,
    }),
  ])
# ---
# name: test_waste_pickup_calendar[calendar.1234ab_1-entry]
  EntityRegistryEntrySnapshot({
    'aliases': list([
      None,
    ]),
    'area_id': None,
    'capabilities': None,
    'config_entry_id': <ANY>,
    'config_subentry_id': <ANY>,
    'device_class': None,
    'device_id': <ANY>,
    'disabled_by': None,
    'domain': 'calendar',
    'entity_category': None,
    'entity_id': 'calendar.1234ab_1',
    'has_entity_name': True,
    'hidden_by': None,
    'icon': None,
    'id': <ANY>,
    'labels': set({
    }),
    'name': None,
    'object_id_base': None,
    'options': dict({
    }),
    'original_device_class': None,
    'original_icon': None,
    'original_name': None,
    'platform': 'cyclus_nv',
    'previous_unique_id': None,
    'suggested_object_id': None,
    'supported_features': 0,
    'translation_key': 'calendar',
    'unique_id': '0123456789abcdef',
    'unit_of_measurement': None,
  })
# ---
# name: test_waste_pickup_calendar[calendar.1234ab_1-state]
  StateSnapshot({
    'attributes': ReadOnlyDict({
      'all_day': True,
      'description': '',
      'end_time': '2024-01-11 00:00:00',
      'friendly_name': '1234AB 1',
      'location': '',
      'message': 'Residual waste pickup',
      'start_time': '2024-01-10 00:00:00',
    }),
    'context': <ANY>,
    'entity_id': 'calendar.1234ab_1',
    'last_changed': <ANY>,
    'last_reported': <ANY>,
    'last_updated': <ANY>,
    'state': 'off',
  })
# ---
